Component: ARM Compiler 5.06 update 6 (build 750) Tool: armlink [4d35ed]

==============================================================================

Section Cross References

    stm32h7xx_hal_timebase_tim.o(i.HAL_InitTick) refers to stm32h7xx_hal_cortex.o(i.HAL_NVIC_SetPriority) for HAL_NVIC_SetPriority
    stm32h7xx_hal_timebase_tim.o(i.HAL_InitTick) refers to stm32h7xx_hal_cortex.o(i.HAL_NVIC_EnableIRQ) for HAL_NVIC_EnableIRQ
    stm32h7xx_hal_timebase_tim.o(i.HAL_InitTick) refers to stm32h7xx_hal_rcc.o(i.HAL_RCC_GetClockConfig) for HAL_RCC_GetClockConfig
    stm32h7xx_hal_timebase_tim.o(i.HAL_InitTick) refers to stm32h7xx_hal_rcc.o(i.HAL_RCC_GetPCLK1Freq) for HAL_RCC_GetPCLK1Freq
    stm32h7xx_hal_timebase_tim.o(i.HAL_InitTick) refers to stm32h7xx_hal_tim.o(i.HAL_TIM_Base_Init) for HAL_TIM_Base_Init
    stm32h7xx_hal_timebase_tim.o(i.HAL_InitTick) refers to stm32h7xx_hal_tim.o(i.HAL_TIM_Base_Start_IT) for HAL_TIM_Base_Start_IT
    stm32h7xx_hal_timebase_tim.o(i.HAL_InitTick) refers to stm32h7xx_hal_timebase_tim.o(.bss) for .bss
    stm32h7xx_hal_timebase_tim.o(i.HAL_ResumeTick) refers to stm32h7xx_hal_timebase_tim.o(.bss) for .bss
    stm32h7xx_hal_timebase_tim.o(i.HAL_SuspendTick) refers to stm32h7xx_hal_timebase_tim.o(.bss) for .bss
    stm32h7xx_hal_timebase_tim.o(i.HAL_TIM_PeriodElapsedCallback) refers to stm32h7xx_hal.o(i.HAL_IncTick) for HAL_IncTick
    stm32h7xx_hal_timebase_tim.o(i.TIM6_DAC_IRQHandler) refers to stm32h7xx_hal_tim.o(i.HAL_TIM_IRQHandler) for HAL_TIM_IRQHandler
    stm32h7xx_hal_timebase_tim.o(i.TIM6_DAC_IRQHandler) refers to stm32h7xx_hal_timebase_tim.o(.bss) for .bss
    httpserver_netconn.o(i.DynWebPage) refers to memseta.o(.text) for __aeabi_memclr4
    httpserver_netconn.o(i.DynWebPage) refers to printf3.o(i.__0sprintf$3) for __2sprintf
    httpserver_netconn.o(i.DynWebPage) refers to strcat.o(.text) for strcat
    httpserver_netconn.o(i.DynWebPage) refers to strlen.o(.text) for strlen
    httpserver_netconn.o(i.DynWebPage) refers to cmsis_os.o(i.osThreadList) for osThreadList
    httpserver_netconn.o(i.DynWebPage) refers to api_lib.o(i.netconn_write_partly) for netconn_write_partly
    httpserver_netconn.o(i.DynWebPage) refers to httpserver_netconn.o(.data) for .data
    httpserver_netconn.o(i.DynWebPage) refers to httpserver_netconn.o(.constdata) for .constdata
    httpserver_netconn.o(i.http_server_netconn_init) refers to sys_arch.o(i.sys_thread_new) for sys_thread_new
    httpserver_netconn.o(i.http_server_netconn_init) refers to httpserver_netconn.o(i.http_server_netconn_thread) for http_server_netconn_thread
    httpserver_netconn.o(i.http_server_netconn_thread) refers to api_lib.o(i.netconn_new_with_proto_and_callback) for netconn_new_with_proto_and_callback
    httpserver_netconn.o(i.http_server_netconn_thread) refers to api_lib.o(i.netconn_bind) for netconn_bind
    httpserver_netconn.o(i.http_server_netconn_thread) refers to api_lib.o(i.netconn_listen_with_backlog) for netconn_listen_with_backlog
    httpserver_netconn.o(i.http_server_netconn_thread) refers to api_lib.o(i.netconn_accept) for netconn_accept
    httpserver_netconn.o(i.http_server_netconn_thread) refers to httpserver_netconn.o(i.http_server_serve) for http_server_serve
    httpserver_netconn.o(i.http_server_netconn_thread) refers to api_lib.o(i.netconn_delete) for netconn_delete
    httpserver_netconn.o(i.http_server_serve) refers to api_lib.o(i.netconn_recv) for netconn_recv
    httpserver_netconn.o(i.http_server_serve) refers to netbuf.o(i.netbuf_data) for netbuf_data
    httpserver_netconn.o(i.http_server_serve) refers to strncmp.o(.text) for strncmp
    httpserver_netconn.o(i.http_server_serve) refers to fs.o(i.fs_open) for fs_open
    httpserver_netconn.o(i.http_server_serve) refers to api_lib.o(i.netconn_write_partly) for netconn_write_partly
    httpserver_netconn.o(i.http_server_serve) refers to fs.o(i.fs_close) for fs_close
    httpserver_netconn.o(i.http_server_serve) refers to api_lib.o(i.netconn_close) for netconn_close
    httpserver_netconn.o(i.http_server_serve) refers to netbuf.o(i.netbuf_delete) for netbuf_delete
    httpserver_netconn.o(i.http_server_serve) refers to httpserver_netconn.o(i.DynWebPage) for DynWebPage
    stm32h7xx_it.o(i.ETH_IRQHandler) refers to stm32h7xx_hal_eth.o(i.HAL_ETH_IRQHandler) for HAL_ETH_IRQHandler
    stm32h7xx_it.o(i.ETH_IRQHandler) refers to ethernetif.o(.bss) for EthHandle
    stm32h7xx_it.o(i.SysTick_Handler) refers to cmsis_os.o(i.osSystickHandler) for osSystickHandler
    main.o(i.HeartLedThread) refers to stm32h7xx_nucleo_144.o(i.BSP_LED_Toggle) for BSP_LED_Toggle
    main.o(i.HeartLedThread) refers to stm32h7xx_hal_gpio.o(i.HAL_GPIO_TogglePin) for HAL_GPIO_TogglePin
    main.o(i.HeartLedThread) refers to cmsis_os.o(i.osDelay) for osDelay
    main.o(i.MPU_Config) refers to stm32h7xx_hal_cortex.o(i.HAL_MPU_Disable) for HAL_MPU_Disable
    main.o(i.MPU_Config) refers to stm32h7xx_hal_cortex.o(i.HAL_MPU_ConfigRegion) for HAL_MPU_ConfigRegion
[...]
    SDMMC2_IRQHandler                        0x08000387   Thumb Code     0  startup_stm32h743xx.o(.text)
    SPDIF_RX_IRQHandler                      0x08000387   Thumb Code     0  startup_stm32h743xx.o(.text)
    SPI1_IRQHandler                          0x08000387   Thumb Code     0  startup_stm32h743xx.o(.text)
    SPI2_IRQHandler                          0x08000387   Thumb Code     0  startup_stm32h743xx.o(.text)
    SPI3_IRQHandler                          0x08000387   Thumb Code     0  startup_stm32h743xx.o(.text)
    SPI4_IRQHandler                          0x08000387   Thumb Code     0  startup_stm32h743xx.o(.text)
    SPI5_IRQHandler                          0x08000387   Thumb Code     0  startup_stm32h743xx.o(.text)
    SPI6_IRQHandler                          0x08000387   Thumb Code     0  startup_stm32h743xx.o(.text)
    SWPMI1_IRQHandler                        0x08000387   Thumb Code     0  startup_stm32h743xx.o(.text)
    TAMP_STAMP_IRQHandler                    0x08000387   Thumb Code     0  startup_stm32h743xx.o(.text)
    TIM15_IRQHandler                         0x08000387   Thumb Code     0  startup_stm32h743xx.o(.text)
    TIM16_IRQHandler                         0x08000387   Thumb Code     0  startup_stm32h743xx.o(.text)
    TIM17_IRQHandler                         0x08000387   Thumb Code     0  startup_stm32h743xx.o(.text)
    TIM1_BRK_IRQHandler                      0x08000387   Thumb Code     0  startup_stm32h743xx.o(.text)
    TIM1_CC_IRQHandler                       0x08000387   Thumb Code     0  startup_stm32h743xx.o(.text)
    TIM1_TRG_COM_IRQHandler                  0x08000387   Thumb Code     0  startup_stm32h743xx.o(.text)
    TIM1_UP_IRQHandler                       0x08000387   Thumb Code     0  startup_stm32h743xx.o(.text)
    TIM2_IRQHandler                          0x08000387   Thumb Code     0  startup_stm32h743xx.o(.text)
    TIM3_IRQHandler                          0x08000387   Thumb Code     0  startup_stm32h743xx.o(.text)
    TIM4_IRQHandler                          0x08000387   Thumb Code     0  startup_stm32h743xx.o(.text)
    TIM5_IRQHandler                          0x08000387   Thumb Code     0  startup_stm32h743xx.o(.text)
    TIM7_IRQHandler                          0x08000387   Thumb Code     0  startup_stm32h743xx.o(.text)
    TIM8_BRK_TIM12_IRQHandler                0x08000387   Thumb Code     0  startup_stm32h743xx.o(.text)
    TIM8_CC_IRQHandler                       0x08000387   Thumb Code     0  startup_stm32h743xx.o(.text)
    TIM8_TRG_COM_TIM14_IRQHandler            0x08000387   Thumb Code     0  startup_stm32h743xx.o(.text)
    TIM8_UP_TIM13_IRQHandler                 0x08000387   Thumb Code     0  startup_stm32h743xx.o(.text)
    UART4_IRQHandler                         0x08000387   Thumb Code     0  startup_stm32h743xx.o(.text)
    UART5_IRQHandler                         0x08000387   Thumb Code     0  startup_stm32h743xx.o(.text)
    UART7_IRQHandler                         0x08000387   Thumb Code     0  startup_stm32h743xx.o(.text)
    UART8_IRQHandler                         0x08000387   Thumb Code     0  startup_stm32h743xx.o(.text)
    USART1_IRQHandler                        0x08000387   Thumb Code     0  startup_stm32h743xx.o(.text)
    USART2_IRQHandler                        0x08000387   Thumb Code     0  startup_stm32h743xx.o(.text)
    USART3_IRQHandler                        0x08000387   Thumb Code     0  startup_stm32h743xx.o(.text)
    USART6_IRQHandler                        0x08000387   Thumb Code     0  startup_stm32h743xx.o(.text)
    WAKEUP_PIN_IRQHandler                    0x08000387   Thumb Code     0  startup_stm32h743xx.o(.text)
    WWDG_IRQHandler                          0x08000387   Thumb Code     0  startup_stm32h743xx.o(.text)
    __aeabi_memcpy                           0x08000391   Thumb Code    36  memcpya.o(.text)
    __aeabi_memcpy4                          0x08000391   Thumb Code     0  memcpya.o(.text)
    __aeabi_memcpy8                          0x08000391   Thumb Code     0  memcpya.o(.text)
    __aeabi_memset                           0x080003b5   Thumb Code    14  memseta.o(.text)
    __aeabi_memset4                          0x080003b5   Thumb Code     0  memseta.o(.text)
    __aeabi_memset8                          0x080003b5   Thumb Code     0  memseta.o(.text)
    __aeabi_memclr                           0x080003c3   Thumb Code     4  memseta.o(.text)
    __aeabi_memclr4                          0x080003c3   Thumb Code     0  memseta.o(.text)
    __aeabi_memclr8                          0x080003c3   Thumb Code     0  memseta.o(.text)
    _memset$wrapper                          0x080003c7   Thumb Code    18  memseta.o(.text)
    memcmp                                   0x080003d9   Thumb Code    26  memcmp.o(.text)
    __aeabi_uidiv                            0x080003f3   Thumb Code     0  uidiv.o(.text)
    __aeabi_uidivmod                         0x080003f3   Thumb Code    44  uidiv.o(.text)
    __scatterload                            0x08000421   Thumb Code    28  init.o(.text)
    __scatterload_rt2                        0x08000421   Thumb Code     0  init.o(.text)
    __I$use$semihosting$fputc                0x08000445   Thumb Code     0  iusesemip.o(.text)
    __decompress                             0x08000445   Thumb Code     0  __dczerorl2.o(.text)
    __decompress1                            0x08000445   Thumb Code    86  __dczerorl2.o(.text)
    __semihosting_library_function           0x08000445   Thumb Code     0  semi.o(.text)
    BSP_LED_Init                             0x0800049d   Thumb Code    88  stm32h7xx_nucleo_144.o(i.BSP_LED_Init)
    BSP_LED_Toggle                           0x08000501   Thumb Code    16  stm32h7xx_nucleo_144.o(i.BSP_LED_Toggle)
    BusFault_Handler                         0x08000519   Thumb Code     2  stm32h7xx_it.o(i.BusFault_Handler)
    DebugMon_Handler                         0x08000599   Thumb Code     2  stm32h7xx_it.o(i.DebugMon_Handler)
    ETH_IRQHandler                           0x0800059d   Thumb Code     6  stm32h7xx_it.o(i.ETH_IRQHandler)
    ETH_PHY_IO_DeInit                        0x08000681   Thumb Code     4  ethernetif.o(i.ETH_PHY_IO_DeInit)
    ETH_PHY_IO_GetTick                       0x08000685   Thumb Code     4  ethernetif.o(i.ETH_PHY_IO_GetTick)
    ETH_PHY_IO_Init                          0x08000689   Thumb Code    12  ethernetif.o(i.ETH_PHY_IO_Init)
    ETH_PHY_IO_ReadReg                       0x08000699   Thumb Code    24  ethernetif.o(i.ETH_PHY_IO_ReadReg)
    ETH_PHY_IO_WriteReg                      0x080006b5   Thumb Code    24  ethernetif.o(i.ETH_PHY_IO_WriteReg)
    HAL_Delay                                0x08000c2d   Thumb Code    32  stm32h7xx_hal.o(i.HAL_Delay)
    HAL_ETH_BuildRxDescriptors               0x08000c51   Thumb Code   120  stm32h7xx_hal_eth.o(i.HAL_ETH_BuildRxDescriptors)
    HAL_ETH_DMAErrorCallback                 0x08000cc9   Thumb Code     2  stm32h7xx_hal_eth.o(i.HAL_ETH_DMAErrorCallback)
    HAL_ETH_DescAssignMemory                 0x08000ccb   Thumb Code    60  stm32h7xx_hal_eth.o(i.HAL_ETH_DescAssignMemory)
    HAL_ETH_EEECallback                      0x08000d07   Thumb Code     2  stm32h7xx_hal_eth.o(i.HAL_ETH_EEECallback)
    HAL_ETH_GetMACConfig                     0x08000d09   Thumb Code   460  stm32h7xx_hal_eth.o(i.HAL_ETH_GetMACConfig)
    HAL_ETH_GetRxDataBuffer                  0x08000ed5   Thumb Code   154  stm32h7xx_hal_eth.o(i.HAL_ETH_GetRxDataBuffer)
    HAL_ETH_GetRxDataLength                  0x08000f6f   Thumb Code    52  stm32h7xx_hal_eth.o(i.HAL_ETH_GetRxDataLength)
    HAL_ETH_IRQHandler                       0x08000fa3   Thumb Code   296  stm32h7xx_hal_eth.o(i.HAL_ETH_IRQHandler)
    HAL_ETH_Init                             0x080010cd   Thumb Code   474  stm32h7xx_hal_eth.o(i.HAL_ETH_Init)
    HAL_ETH_IsRxDataAvailable                0x080012d1   Thumb Code   206  stm32h7xx_hal_eth.o(i.HAL_ETH_IsRxDataAvailable)
    HAL_ETH_MACErrorCallback                 0x0800139f   Thumb Code     2  stm32h7xx_hal_eth.o(i.HAL_ETH_MACErrorCallback)
    HAL_ETH_MspInit                          0x080013a1   Thumb Code   208  ethernetif.o(i.HAL_ETH_MspInit)
    HAL_ETH_PMTCallback                      0x08001485   Thumb Code     2  stm32h7xx_hal_eth.o(i.HAL_ETH_PMTCallback)
    HAL_ETH_ReadPHYRegister                  0x08001489   Thumb Code   100  stm32h7xx_hal_eth.o(i.HAL_ETH_ReadPHYRegister)
    HAL_ETH_RxCpltCallback                   0x080014ed   Thumb Code     8  ethernetif.o(i.HAL_ETH_RxCpltCallback)
    HAL_ETH_SetMACConfig                     0x080014f9   Thumb Code    22  stm32h7xx_hal_eth.o(i.HAL_ETH_SetMACConfig)
    HAL_ETH_SetMDIOClockRange                0x08001511   Thumb Code    88  stm32h7xx_hal_eth.o(i.HAL_ETH_SetMDIOClockRange)
    HAL_ETH_Start_IT                         0x08001589   Thumb Code   174  stm32h7xx_hal_eth.o(i.HAL_ETH_Start_IT)
    HAL_ETH_Stop_IT                          0x08001637   Thumb Code   138  stm32h7xx_hal_eth.o(i.HAL_ETH_Stop_IT)
    HAL_ETH_Transmit                         0x080016c1   Thumb Code   184  stm32h7xx_hal_eth.o(i.HAL_ETH_Transmit)
    HAL_ETH_TxCpltCallback                   0x08001779   Thumb Code     2  stm32h7xx_hal_eth.o(i.HAL_ETH_TxCpltCallback)
    HAL_ETH_WakeUpCallback                   0x0800177b   Thumb Code     2  stm32h7xx_hal_eth.o(i.HAL_ETH_WakeUpCallback)
    HAL_ETH_WritePHYRegister                 0x0800177d   Thumb Code    94  stm32h7xx_hal_eth.o(i.HAL_ETH_WritePHYRegister)
    HAL_GPIO_Init                            0x080017e1   Thumb Code   458  stm32h7xx_hal_gpio.o(i.HAL_GPIO_Init)
    HAL_GPIO_TogglePin                       0x080019dd   Thumb Code    14  stm32h7xx_hal_gpio.o(i.HAL_GPIO_TogglePin)
    HAL_GPIO_WritePin                        0x080019eb   Thumb Code    10  stm32h7xx_hal_gpio.o(i.HAL_GPIO_WritePin)
    HAL_GetREVID                             0x080019f5   Thumb Code     8  stm32h7xx_hal.o(i.HAL_GetREVID)
    HAL_GetTick                              0x08001a01   Thumb Code     6  stm32h7xx_hal.o(i.HAL_GetTick)
    HAL_IncTick                              0x08001a0d   Thumb Code    12  stm32h7xx_hal.o(i.HAL_IncTick)
    HAL_Init                                 0x08001a1d   Thumb Code    72  stm32h7xx_hal.o(i.HAL_Init)
    HAL_InitTick                             0x08001a75   Thumb Code   110  stm32h7xx_hal_timebase_tim.o(i.HAL_InitTick)
    HAL_MPU_ConfigRegion                     0x08001af5   Thumb Code    86  stm32h7xx_hal_cortex.o(i.HAL_MPU_ConfigRegion)
    HAL_MPU_Disable                          0x08001b51   Thumb Code    24  stm32h7xx_hal_cortex.o(i.HAL_MPU_Disable)
    HAL_MPU_Enable                           0x08001b6d   Thumb Code    30  stm32h7xx_hal_cortex.o(i.HAL_MPU_Enable)
    HAL_MspInit                              0x08001b91   Thumb Code    38  stm32h7xx_hal_msp.o(i.HAL_MspInit)
    HAL_NVIC_EnableIRQ                       0x08001bbd   Thumb Code    26  stm32h7xx_hal_cortex.o(i.HAL_NVIC_EnableIRQ)
    HAL_NVIC_SetPriority                     0x08001bd9   Thumb Code    60  stm32h7xx_hal_cortex.o(i.HAL_NVIC_SetPriority)
    HAL_NVIC_SetPriorityGrouping             0x08001c19   Thumb Code    28  stm32h7xx_hal_cortex.o(i.HAL_NVIC_SetPriorityGrouping)
    HAL_PWREx_ConfigSupply                   0x08001c3d   Thumb Code    76  stm32h7xx_hal_pwr_ex.o(i.HAL_PWREx_ConfigSupply)
    HAL_PWREx_EnableUSBVoltageDetector       0x08001c8d   Thumb Code    12  stm32h7xx_hal_pwr_ex.o(i.HAL_PWREx_EnableUSBVoltageDetector)
    HAL_PWR_ConfigPVD                        0x08001c9d   Thumb Code   126  stm32h7xx_hal_pwr.o(i.HAL_PWR_ConfigPVD)
    HAL_PWR_EnablePVD                        0x08001d21   Thumb Code    12  stm32h7xx_hal_pwr.o(i.HAL_PWR_EnablePVD)
    HAL_RCCEx_GetD1SysClockFreq              0x08001d31   Thumb Code    30  stm32h7xx_hal_rcc_ex.o(i.HAL_RCCEx_GetD1SysClockFreq)
    HAL_RCCEx_PeriphCLKConfig                0x08001d5d   Thumb Code  2230  stm32h7xx_hal_rcc_ex.o(i.HAL_RCCEx_PeriphCLKConfig)
    HAL_RCC_ClockConfig                      0x08002615   Thumb Code   558  stm32h7xx_hal_rcc.o(i.HAL_RCC_ClockConfig)
    HAL_RCC_GetClockConfig                   0x08002855   Thumb Code    84  stm32h7xx_hal_rcc.o(i.HAL_RCC_GetClockConfig)
    HAL_RCC_GetHCLKFreq                      0x080028b1   Thumb Code    30  stm32h7xx_hal_rcc.o(i.HAL_RCC_GetHCLKFreq)
    HAL_RCC_GetPCLK1Freq                     0x080028dd   Thumb Code    26  stm32h7xx_hal_rcc.o(i.HAL_RCC_GetPCLK1Freq)
    HAL_RCC_GetSysClockFreq                  0x08002901   Thumb Code   278  stm32h7xx_hal_rcc.o(i.HAL_RCC_GetSysClockFreq)
    HAL_RCC_OscConfig                        0x08002a39   Thumb Code  1210  stm32h7xx_hal_rcc.o(i.HAL_RCC_OscConfig)
    HAL_SPI_Init                             0x08002ef5   Thumb Code   308  stm32h7xx_hal_spi.o(i.HAL_SPI_Init)
    HAL_SPI_MspInit                          0x08003035   Thumb Code   144  stm32h7xx_hal_msp.o(i.HAL_SPI_MspInit)
    HAL_SPI_Receive                          0x080030d9   Thumb Code   552  stm32h7xx_hal_spi.o(i.HAL_SPI_Receive)
    HAL_SPI_Transmit                         0x08003301   Thumb Code   556  stm32h7xx_hal_spi.o(i.HAL_SPI_Transmit)
    HAL_SPI_TransmitReceive                  0x0800352d   Thumb Code   802  stm32h7xx_hal_spi.o(i.HAL_SPI_TransmitReceive)
    HAL_SYSCFG_ETHInterfaceSelect            0x08003851   Thumb Code    14  stm32h7xx_hal.o(i.HAL_SYSCFG_ETHInterfaceSelect)
    HAL_TIMEx_Break2Callback                 0x08003865   Thumb Code     2  stm32h7xx_hal_tim_ex.o(i.HAL_TIMEx_Break2Callback)
    HAL_TIMEx_BreakCallback                  0x08003867   Thumb Code     2  stm32h7xx_hal_tim_ex.o(i.HAL_TIMEx_BreakCallback)
    HAL_TIMEx_CommutCallback                 0x08003869   Thumb Code     2  stm32h7xx_hal_tim_ex.o(i.HAL_TIMEx_CommutCallback)
    HAL_TIM_Base_Init                        0x0800386b   Thumb Code    54  stm32h7xx_hal_tim.o(i.HAL_TIM_Base_Init)
    HAL_TIM_Base_MspInit                     0x080038a1   Thumb Code     2  stm32h7xx_hal_tim.o(i.HAL_TIM_Base_MspInit)
    HAL_TIM_Base_Start_IT                    0x080038a5   Thumb Code    40  stm32h7xx_hal_tim.o(i.HAL_TIM_Base_Start_IT)
    HAL_TIM_IC_CaptureCallback               0x080038d1   Thumb Code     2  stm32h7xx_hal_tim.o(i.HAL_TIM_IC_CaptureCallback)
    HAL_TIM_IRQHandler                       0x080038d3   Thumb Code   386  stm32h7xx_hal_tim.o(i.HAL_TIM_IRQHandler)
    HAL_TIM_OC_DelayElapsedCallback          0x08003a55   Thumb Code     2  stm32h7xx_hal_tim.o(i.HAL_TIM_OC_DelayElapsedCallback)
    HAL_TIM_PWM_PulseFinishedCallback        0x08003a57   Thumb Code     2  stm32h7xx_hal_tim.o(i.HAL_TIM_PWM_PulseFinishedCallback)
    HAL_TIM_PeriodElapsedCallback            0x08003a59   Thumb Code     4  stm32h7xx_hal_timebase_tim.o(i.HAL_TIM_PeriodElapsedCallback)
    HAL_TIM_TriggerCallback                  0x08003a5d   Thumb Code     2  stm32h7xx_hal_tim.o(i.HAL_TIM_TriggerCallback)
    HardFault_Handler                        0x08003a5f   Thumb Code     2  stm32h7xx_it.o(i.HardFault_Handler)
    LAN8742_GetLinkState                     0x08003a81   Thumb Code   148  lan8742.o(i.LAN8742_GetLinkState)
    LAN8742_Init                             0x08003b15   Thumb Code   210  lan8742.o(i.LAN8742_Init)
    LAN8742_RegisterBusIO                    0x08003be7   Thumb Code    44  lan8742.o(i.LAN8742_RegisterBusIO)
    MemManage_Handler                        0x08003e8d   Thumb Code     2  stm32h7xx_it.o(i.MemManage_Handler)
    NMI_Handler                              0x08003e8f   Thumb Code     2  stm32h7xx_it.o(i.NMI_Handler)
    NRF24L01_RX_Check                        0x08003e91   Thumb Code    64  nrf24l01.o(i.NRF24L01_RX_Check)
    NRF24L01_RX_Read_Buf                     0x08003ed9   Thumb Code    54  nrf24l01.o(i.NRF24L01_RX_Read_Buf)
    NRF24L01_RX_Read_Reg                     0x08003f19   Thumb Code    62  nrf24l01.o(i.NRF24L01_RX_Read_Reg)
    NRF24L01_RX_Write_Buf                    0x08003f61   Thumb Code    66  nrf24l01.o(i.NRF24L01_RX_Write_Buf)
    NRF24L01_RX_Write_Reg                    0x08003fad   Thumb Code    62  nrf24l01.o(i.NRF24L01_RX_Write_Reg)
    NRF24L01_RxPacket                        0x08003ff5   Thumb Code    50  nrf24l01.o(i.NRF24L01_RxPacket)
    NRF24L01_TX_Check                        0x08004029   Thumb Code    64  nrf24l01.o(i.NRF24L01_TX_Check)
    NRF24L01_TX_Read_Buf                     0x08004071   Thumb Code    54  nrf24l01.o(i.NRF24L01_TX_Read_Buf)
    NRF24L01_TX_Write_Buf                    0x080040b1   Thumb Code    66  nrf24l01.o(i.NRF24L01_TX_Write_Buf)
    NRF24L01_TX_Write_Reg                    0x080040fd   Thumb Code    62  nrf24l01.o(i.NRF24L01_TX_Write_Reg)
    NRF24L01_TxPacket                        0x08004145   Thumb Code    40  nrf24l01.o(i.NRF24L01_TxPacket)
    RX_Mode                                  0x08004459   Thumb Code    98  nrf24l01.o(i.RX_Mode)
    SysTick_Handler                          0x08004631   Thumb Code     4  stm32h7xx_it.o(i.SysTick_Handler)
    SystemInit                               0x080046f5   Thumb Code   134  system_stm32h7xx.o(i.SystemInit)
    TIM6_DAC_IRQHandler                      0x08004791   Thumb Code     6  stm32h7xx_hal_timebase_tim.o(i.TIM6_DAC_IRQHandler)
    TIM_Base_SetConfig                       0x0800479d   Thumb Code   162  stm32h7xx_hal_tim.o(i.TIM_Base_SetConfig)
    TX_Mode                                  0x08004861   Thumb Code   118  nrf24l01.o(i.TX_Mode)
    UDP_server_init                          0x08004901   Thumb Code    32  udp_server.o(i.UDP_server_init)
    UsageFault_Handler                       0x08004929   Thumb Code     2  stm32h7xx_it.o(i.UsageFault_Handler)
    __0printf$3                              0x0800492d   Thumb Code    22  printf3.o(i.__0printf$3)
    __1printf$3                              0x0800492d   Thumb Code     0  printf3.o(i.__0printf$3)
    __2printf                                0x0800492d   Thumb Code     0  printf3.o(i.__0printf$3)
    __scatterload_copy                       0x0800496f   Thumb Code    14  handlers.o(i.__scatterload_copy)
    __scatterload_null                       0x0800497d   Thumb Code     2  handlers.o(i.__scatterload_null)
    __scatterload_zeroinit                   0x0800497f   Thumb Code    14  handlers.o(i.__scatterload_zeroinit)
    etharp_cleanup_netif                     0x08004cc1   Thumb Code    42  etharp.o(i.etharp_cleanup_netif)
    etharp_input                             0x08004f6d   Thumb Code   148  etharp.o(i.etharp_input)
    etharp_output                            0x08005071   Thumb Code   272  etharp.o(i.etharp_output)
    etharp_query                             0x08005329   Thumb Code   300  etharp.o(i.etharp_query)
    etharp_request                           0x08005671   Thumb Code     6  etharp.o(i.etharp_request)
    etharp_tmr                               0x0800569d   Thumb Code    92  etharp.o(i.etharp_tmr)
    ethernet_input                           0x08005819   Thumb Code   154  ethernet.o(i.ethernet_input)
    ethernet_link_status_updated             0x080058b9   Thumb Code     2  app_ethernet.o(i.ethernet_link_status_updated)
    ethernet_link_thread                     0x080058bd   Thumb Code   150  ethernetif.o(i.ethernet_link_thread)
    ethernet_output                          0x08005959   Thumb Code    98  ethernet.o(i.ethernet_output)
    ethernetif_init                          0x08005a51   Thumb Code    50  ethernetif.o(i.ethernetif_init)
    fputc                                    0x08005b71   Thumb Code    18  fputc.o(i.fputc)
    icmp_dest_unreach                        0x08005b83   Thumb Code     8  icmp.o(i.icmp_dest_unreach)
    icmp_input                               0x08005b8d   Thumb Code   290  icmp.o(i.icmp_input)
    icmp_time_exceeded                       0x08005e99   Thumb Code     8  icmp.o(i.icmp_time_exceeded)
    inet_chksum                              0x08005ead   Thumb Code    12  inet_chksum.o(i.inet_chksum)
    ip4_addr_isbroadcast_u32                 0x08005eb9   Thumb Code    46  ip4_addr.o(i.ip4_addr_isbroadcast_u32)
    ip4_frag                                 0x08005ee9   Thumb Code   390  ip4_frag.o(i.ip4_frag)
    ip4_input                                0x0800613d   Thumb Code   396  ip4.o(i.ip4_input)
    ip4_output_if                            0x080062d1   Thumb Code    30  ip4.o(i.ip4_output_if)
    ip4_output_if_src                        0x080062f1   Thumb Code   206  ip4.o(i.ip4_output_if_src)
    ip4_reass                                0x08006461   Thumb Code   432  ip4_frag.o(i.ip4_reass)
    ip4_route                                0x08006615   Thumb Code    82  ip4.o(i.ip4_route)
    ip_reass_tmr                             0x08006c2d   Thumb Code    40  ip4_frag.o(i.ip_reass_tmr)
    lwip_htons                               0x08006ebd   Thumb Code     4  def.o(i.lwip_htons)
    lwip_init                                0x08006ec1   Thumb Code    30  init.o(i.lwip_init)
    lwip_standard_chksum                     0x08006ee1   Thumb Code    92  inet_chksum.o(i.lwip_standard_chksum)
    main                                     0x08006f3d   Thumb Code   140  main.o(i.main)
    mem_free                                 0x08006fdd   Thumb Code   138  mem.o(i.mem_free)
    mem_init                                 0x08007115   Thumb Code    66  mem.o(i.mem_init)
    mem_malloc                               0x080071d9   Thumb Code   274  mem.o(i.mem_malloc)
    mem_trim                                 0x080073e9   Thumb Code   274  mem.o(i.mem_trim)
    memp_free                                0x08007591   Thumb Code    34  memp.o(i.memp_free)
    memp_free_pool                           0x0800762d   Thumb Code    26  memp.o(i.memp_free_pool)
    memp_init                                0x080076b5   Thumb Code    26  memp.o(i.memp_init)
    memp_init_pool                           0x080076d5   Thumb Code    42  memp.o(i.memp_init_pool)
    memp_malloc                              0x08007701   Thumb Code    38  memp.o(i.memp_malloc)
    memp_malloc_pool                         0x080077a5   Thumb Code    30  memp.o(i.memp_malloc_pool)
    netif_add                                0x08007831   Thumb Code   106  netif.o(i.netif_add)
    netif_init                               0x08007915   Thumb Code     2  netif.o(i.netif_init)
    netif_set_addr                           0x08007931   Thumb Code    72  netif.o(i.netif_set_addr)
    netif_set_default                        0x08007979   Thumb Code     6  netif.o(i.netif_set_default)
    netif_set_down                           0x08007985   Thumb Code    26  netif.o(i.netif_set_down)
    netif_set_gw                             0x0800799f   Thumb Code     8  netif.o(i.netif_set_gw)
    netif_set_ipaddr                         0x080079a9   Thumb Code    52  netif.o(i.netif_set_ipaddr)
    netif_set_link_callback                  0x080079e1   Thumb Code     8  netif.o(i.netif_set_link_callback)
    netif_set_link_down                      0x080079e9   Thumb Code    26  netif.o(i.netif_set_link_down)
    netif_set_link_up                        0x08007a03   Thumb Code    48  netif.o(i.netif_set_link_up)
    netif_set_netmask                        0x08007a33   Thumb Code     8  netif.o(i.netif_set_netmask)
    netif_set_up                             0x08007a3b   Thumb Code    28  netif.o(i.netif_set_up)
    osDelay                                  0x08007a57   Thumb Code    14  cmsis_os.o(i.osDelay)
    osKernelStart                            0x08007a65   Thumb Code    10  cmsis_os.o(i.osKernelStart)
    osKernelSysTick                          0x08007a6f   Thumb Code    24  cmsis_os.o(i.osKernelSysTick)
    osMessageCreate                          0x08007a87   Thumb Code    10  cmsis_os.o(i.osMessageCreate)
    osMessageGet                             0x08007a91   Thumb Code   144  cmsis_os.o(i.osMessageGet)
    osMessagePut                             0x08007b25   Thumb Code    88  cmsis_os.o(i.osMessagePut)
    osMutexCreate                            0x08007b81   Thumb Code     6  cmsis_os.o(i.osMutexCreate)
    osMutexRelease                           0x08007b89   Thumb Code    74  cmsis_os.o(i.osMutexRelease)
    osMutexWait                              0x08007bd9   Thumb Code    98  cmsis_os.o(i.osMutexWait)
    osSemaphoreRelease                       0x08007c41   Thumb Code    74  cmsis_os.o(i.osSemaphoreRelease)
    osSemaphoreWait                          0x08007c91   Thumb Code    98  cmsis_os.o(i.osSemaphoreWait)
    osSystickHandler                         0x08007cf9   Thumb Code    20  cmsis_os.o(i.osSystickHandler)
    osThreadCreate                           0x08007d0d   Thumb Code    46  cmsis_os.o(i.osThreadCreate)
    osThreadTerminate                        0x08007d3b   Thumb Code    10  cmsis_os.o(i.osThreadTerminate)
    pbuf_alloc                               0x08007d45   Thumb Code   462  pbuf.o(i.pbuf_alloc)
    pbuf_alloced_custom                      0x080080ad   Thumb Code    98  pbuf.o(i.pbuf_alloced_custom)
    pbuf_cat                                 0x0800818d   Thumb Code    96  pbuf.o(i.pbuf_cat)
    pbuf_chain                               0x080082bd   Thumb Code    18  pbuf.o(i.pbuf_chain)
    pbuf_clen                                0x080082cf   Thumb Code    18  pbuf.o(i.pbuf_clen)
    pbuf_copy                                0x080082e1   Thumb Code   242  pbuf.o(i.pbuf_copy)
    pbuf_free                                0x080084cd   Thumb Code   192  pbuf.o(i.pbuf_free)
    pbuf_free_custom                         0x08008645   Thumb Code    24  ethernetif.o(i.pbuf_free_custom)
    pbuf_header                              0x08008661   Thumb Code     6  pbuf.o(i.pbuf_header)
    pbuf_header_force                        0x08008667   Thumb Code     6  pbuf.o(i.pbuf_header_force)
    pbuf_realloc                             0x08008791   Thumb Code   196  pbuf.o(i.pbuf_realloc)
    pbuf_ref                                 0x08008929   Thumb Code    46  pbuf.o(i.pbuf_ref)
    pvPortMalloc                             0x08008f69   Thumb Code   210  heap_4.o(i.pvPortMalloc)
    pvTaskIncrementMutexHeldCount            0x08009041   Thumb Code    18  tasks.o(i.pvTaskIncrementMutexHeldCount)
    pxPortInitialiseStack                    0x08009059   Thumb Code    42  port.o(i.pxPortInitialiseStack)
    sys_arch_mbox_fetch                      0x08009089   Thumb Code    70  sys_arch.o(i.sys_arch_mbox_fetch)
    sys_arch_protect                         0x080090d1   Thumb Code    18  sys_arch.o(i.sys_arch_protect)
    sys_arch_unprotect                       0x080090e9   Thumb Code     8  sys_arch.o(i.sys_arch_unprotect)
    sys_init                                 0x0800914d   Thumb Code    14  sys_arch.o(i.sys_init)
    sys_mbox_new                             0x08009165   Thumb Code    34  sys_arch.o(i.sys_mbox_new)
    sys_mbox_trypost                         0x0800918d   Thumb Code    20  sys_arch.o(i.sys_mbox_trypost)
    sys_mbox_valid                           0x080091a1   Thumb Code    10  sys_arch.o(i.sys_mbox_valid)
    sys_mutex_lock                           0x080091ab   Thumb Code    10  sys_arch.o(i.sys_mutex_lock)
    sys_mutex_new                            0x080091b5   Thumb Code    28  sys_arch.o(i.sys_mutex_new)
    sys_mutex_unlock                         0x080091d1   Thumb Code     6  sys_arch.o(i.sys_mutex_unlock)
    sys_now                                  0x080091d7   Thumb Code     4  ethernetif.o(i.sys_now)
    sys_thread_new                           0x080091db   Thumb Code    48  sys_arch.o(i.sys_thread_new)
    sys_timeout                              0x0800920d   Thumb Code   156  timeouts.o(i.sys_timeout)
    sys_timeouts_init                        0x08009349   Thumb Code    38  timeouts.o(i.sys_timeouts_init)
    sys_timeouts_mbox_fetch                  0x0800937d   Thumb Code    66  timeouts.o(i.sys_timeouts_mbox_fetch)
    tcpip_init                               0x080093c5   Thumb Code    52  tcpip.o(i.tcpip_init)
    tcpip_inpkt                              0x08009409   Thumb Code    82  tcpip.o(i.tcpip_inpkt)
    tcpip_input                              0x080094c9   Thumb Code    20  tcpip.o(i.tcpip_input)
    udp_bind                                 0x08009551   Thumb Code   174  udp.o(i.udp_bind)
    udp_demo_senddata                        0x08009609   Thumb Code    56  udp_server.o(i.udp_demo_senddata)
    udp_init                                 0x08009649   Thumb Code     2  udp.o(i.udp_init)
    udp_input                                0x0800964d   Thumb Code   294  udp.o(i.udp_input)
    udp_netif_ip_addr_changed                0x080097e9   Thumb Code    48  udp.o(i.udp_netif_ip_addr_changed)
    udp_new                                  0x0800981d   Thumb Code    26  udp.o(i.udp_new)
    udp_recv                                 0x08009837   Thumb Code     6  udp.o(i.udp_recv)
    udp_sendto                               0x0800983d   Thumb Code    50  udp.o(i.udp_sendto)
    udp_sendto_if                            0x0800986f   Thumb Code    54  udp.o(i.udp_sendto_if)
    udp_sendto_if_src                        0x080098a5   Thumb Code   186  udp.o(i.udp_sendto_if_src)
    udp_server_recv                          0x080099e9   Thumb Code   210  udp_server.o(i.udp_server_recv)
    uxListRemove                             0x08009ad1   Thumb Code    38  list.o(i.uxListRemove)
    vListInitialise                          0x08009af7   Thumb Code    22  list.o(i.vListInitialise)
    vListInitialiseItem                      0x08009b0d   Thumb Code     6  list.o(i.vListInitialiseItem)
    vListInsert                              0x08009b13   Thumb Code    48  list.o(i.vListInsert)
    vListInsertEnd                           0x08009b43   Thumb Code    24  list.o(i.vListInsertEnd)
    vPortEnterCritical                       0x08009b5d   Thumb Code    54  port.o(i.vPortEnterCritical)
    vPortExitCritical                        0x08009b9d   Thumb Code    34  port.o(i.vPortExitCritical)
    vPortFree                                0x08009bc5   Thumb Code    88  heap_4.o(i.vPortFree)
    vPortSetupTimerInterrupt                 0x08009c21   Thumb Code    32  port.o(i.vPortSetupTimerInterrupt)
    vPortValidateInterruptPriority           0x08009c45   Thumb Code    74  port.o(i.vPortValidateInterruptPriority)
    vTaskDelay                               0x08009c99   Thumb Code    66  tasks.o(i.vTaskDelay)
    vTaskDelete                              0x08009ce5   Thumb Code   158  tasks.o(i.vTaskDelete)
    vTaskInternalSetTimeOutState             0x08009d91   Thumb Code    12  tasks.o(i.vTaskInternalSetTimeOutState)
    vTaskMissedYield                         0x08009da1   Thumb Code     8  tasks.o(i.vTaskMissedYield)
    vTaskPlaceOnEventList                    0x08009dad   Thumb Code    44  tasks.o(i.vTaskPlaceOnEventList)
    vTaskPriorityDisinheritAfterTimeout      0x08009ddd   Thumb Code   166  tasks.o(i.vTaskPriorityDisinheritAfterTimeout)
    vTaskStartScheduler                      0x08009e8d   Thumb Code    86  tasks.o(i.vTaskStartScheduler)
    vTaskSuspendAll                          0x08009ef5   Thumb Code    10  tasks.o(i.vTaskSuspendAll)
    vTaskSwitchContext                       0x08009f05   Thumb Code    82  tasks.o(i.vTaskSwitchContext)
    xPortStartScheduler                      0x08009f61   Thumb Code   222  port.o(i.xPortStartScheduler)
    xPortSysTickHandler                      0x0800a055   Thumb Code    38  port.o(i.xPortSysTickHandler)
    xQueueCreateMutex                        0x0800a081   Thumb Code    36  queue.o(i.xQueueCreateMutex)
    xQueueGenericCreate                      0x0800a0a5   Thumb Code    82  queue.o(i.xQueueGenericCreate)
    xQueueGenericReset                       0x0800a0f9   Thumb Code   144  queue.o(i.xQueueGenericReset)
    xQueueGenericSend                        0x0800a18d   Thumb Code   346  queue.o(i.xQueueGenericSend)
    xQueueGenericSendFromISR                 0x0800a2ed   Thumb Code   188  queue.o(i.xQueueGenericSendFromISR)
    xQueueGiveFromISR                        0x0800a3a9   Thumb Code   156  queue.o(i.xQueueGiveFromISR)
    xQueueReceive                            0x0800a445   Thumb Code   310  queue.o(i.xQueueReceive)
    xQueueReceiveFromISR                     0x0800a581   Thumb Code   156  queue.o(i.xQueueReceiveFromISR)
    xQueueSemaphoreTake                      0x0800a61d   Thumb Code   376  queue.o(i.xQueueSemaphoreTake)
    xTaskCheckForTimeOut                     0x0800a799   Thumb Code   104  tasks.o(i.xTaskCheckForTimeOut)
    xTaskCreate                              0x0800a805   Thumb Code    86  tasks.o(i.xTaskCreate)
    xTaskGetSchedulerState                   0x0800a85d   Thumb Code    22  tasks.o(i.xTaskGetSchedulerState)
    xTaskGetTickCount                        0x0800a879   Thumb Code     6  tasks.o(i.xTaskGetTickCount)
    xTaskGetTickCountFromISR                 0x0800a885   Thumb Code    12  tasks.o(i.xTaskGetTickCountFromISR)
    xTaskIncrementTick                       0x0800a895   Thumb Code   192  tasks.o(i.xTaskIncrementTick)
    xTaskPriorityDisinherit                  0x0800a95d   Thumb Code   150  tasks.o(i.xTaskPriorityDisinherit)
    xTaskPriorityInherit                     0x0800a9fd   Thumb Code   144  tasks.o(i.xTaskPriorityInherit)
    xTaskRemoveFromEventList                 0x0800aa95   Thumb Code   108  tasks.o(i.xTaskRemoveFromEventList)
    xTaskResumeAll                           0x0800ab09   Thumb Code   184  tasks.o(i.xTaskResumeAll)
    memp_RX_POOL                             0x0800ac30   Data          12  ethernetif.o(.constdata)
    TX_ADDRESS                               0x0800ac50   Data           5  nrf24l01.o(.constdata)
    RX_ADDRESS                               0x0800ac55   Data           5  nrf24l01.o(.constdata)
    ethbroadcast                             0x0800ac5a   Data           6  ethernet.o(.constdata)
    ethzero                                  0x0800ac60   Data           6  ethernet.o(.constdata)
    os_mutex_def_lwip_sys_mutex              0x0800ac68   Data           4  sys_arch.o(.constdata)
    D1CorePrescTable                         0x0800ac74   Data          16  system_stm32h7xx.o(.constdata)
    ip_addr_any                              0x0800ac84   Data           4  ip4_addr.o(.constdata)
    BUTTON_IRQn                              0x0800ac88   Data           1  stm32h7xx_nucleo_144.o(.constdata)
    BUTTON_PIN                               0x0800ac8a   Data           2  stm32h7xx_nucleo_144.o(.constdata)
    GPIO_PIN                                 0x0800ac8c   Data           6  stm32h7xx_nucleo_144.o(.constdata)
    lwip_cyclic_timers                       0x0800ac94   Data          16  timeouts.o(.constdata)
    memp_UDP_PCB                             0x0800aca4   Data          12  memp.o(.constdata)
    memp_REASSDATA                           0x0800acb0   Data          12  memp.o(.constdata)
    memp_FRAG_PBUF                           0x0800acbc   Data          12  memp.o(.constdata)
    memp_NETBUF                              0x0800acc8   Data          12  memp.o(.constdata)
    memp_NETCONN                             0x0800acd4   Data          12  memp.o(.constdata)
    memp_TCPIP_MSG_API                       0x0800ace0   Data          12  memp.o(.constdata)
    memp_TCPIP_MSG_INPKT                     0x0800acec   Data          12  memp.o(.constdata)
    memp_SYS_TIMEOUT                         0x0800acf8   Data          12  memp.o(.constdata)
    memp_PBUF                                0x0800ad04   Data          12  memp.o(.constdata)
    memp_PBUF_POOL                           0x0800ad10   Data          12  memp.o(.constdata)
    memp_pools                               0x0800ad1c   Data          40  memp.o(.constdata)
    Region$$Table$$Base                      0x0800adb8   Number         0  anon$$obj.o(Region$$Table)
    Region$$Table$$Limit                     0x0800ae08   Number         0  anon$$obj.o(Region$$Table)
    TX_frequency                             0x24000000   Data           1  main.o(.data)
    RX_frequency                             0x24000001   Data           1  main.o(.data)
    package_receive                          0x24000004   Data           4  main.o(.data)
    RxPktSemaphore                           0x24000008   Data           4  ethernetif.o(.data)
    LAN8742_IOCtx                            0x2400000c   Data          20  ethernetif.o(.data)
    bandwidth                                0x24000024   Data           1  nrf24l01.o(.data)
    package_success                          0x24000028   Data           1  udp_server.o(.data)
    check                                    0x2400002a   Data           2  udp_server.o(.data)
    pcb_current                              0x2400002c   Data           4  udp_server.o(.data)
    destAddr                                 0x24000030   Data           4  udp_server.o(.data)
    lwip_sys_mutex                           0x24000058   Data           4  sys_arch.o(.data)
    SystemCoreClock                          0x24000068   Data           4  system_stm32h7xx.o(.data)
    SystemD2Clock                            0x2400006c   Data           4  system_stm32h7xx.o(.data)
    lock_tcpip_core                          0x2400008c   Data           4  tcpip.o(.data)
    BUTTON_PORT                              0x24000090   Data           4  stm32h7xx_nucleo_144.o(.data)
    SpixTimeout                              0x24000094   Data           4  stm32h7xx_nucleo_144.o(.data)
    GPIO_PORT                                0x24000098   Data          12  stm32h7xx_nucleo_144.o(.data)
    pxCurrentTCB                             0x240000a4   Data           4  tasks.o(.data)
    udp_pcbs                                 0x240000e4   Data           4  udp.o(.data)
    netif_list                               0x240000ec   Data           4  netif.o(.data)
    netif_default                            0x240000f0   Data           4  netif.o(.data)
    __stdout                                 0x24000134   Data           4  stdout.o(.data)
    TimHandle                                0x24000138   Data          64  stm32h7xx_hal_timebase_tim.o(.bss)
    hspi4                                    0x24000178   Data         136  main.o(.bss)
    hspi5                                    0x24000200   Data         136  main.o(.bss)
    rx_buf                                   0x24000288   Data          25  main.o(.bss)
    gnetif                                   0x240002a4   Data          52  main.o(.bss)
    EthHandle                                0x240002d8   Data         112  ethernetif.o(.bss)
    TxConfig                                 0x24000348   Data          52  ethernetif.o(.bss)
    LAN8742                                  0x2400037c   Data          32  ethernetif.o(.bss)
    memp_memory_RX_POOL_base                 0x2400039c   Data         203  ethernetif.o(.bss)
    memp_memory_UDP_PCB_base                 0x24005634   Data         195  memp.o(.bss)
    memp_memory_REASSDATA_base               0x240056f7   Data         163  memp.o(.bss)
    memp_memory_FRAG_PBUF_base               0x2400579a   Data         363  memp.o(.bss)
    memp_memory_NETBUF_base                  0x24005905   Data          35  memp.o(.bss)
    memp_memory_NETCONN_base                 0x24005928   Data         115  memp.o(.bss)
    memp_memory_TCPIP_MSG_API_base           0x2400599b   Data         131  memp.o(.bss)
    memp_memory_TCPIP_MSG_INPKT_base         0x24005a1e   Data         131  memp.o(.bss)
    memp_memory_SYS_TIMEOUT_base             0x24005aa1   Data         163  memp.o(.bss)
    memp_memory_PBUF_base                    0x24005b44   Data         163  memp.o(.bss)
    memp_memory_PBUF_POOL_base               0x24005be7   Data       12355  memp.o(.bss)
    ip_data                                  0x24008c2c   Data          24  ip.o(.bss)
    __initial_sp                             0x24009448   Data           0  startup_stm32h743xx.o(STACK)
    DMARxDscrTab                             0x30040000   Data          96  ethernetif.o(.RxDecripSection)
    DMATxDscrTab                             0x30040060   Data          96  ethernetif.o(.TxDecripSection)
    Rx_Buff                                  0x30040200   Data        6144  ethernetif.o(.RxArraySection)



==============================================================================

Memory Map of the image

  Image Entry point : 0x08000299

  Load Region LR_IROM1 (Base: 0x08000000, Size: 0x0000c800, Max: 0x00200000, ABSOLUTE, COMPRESSED[0x0000af34])

    Execution Region ER_IROM1 (Exec base: 0x08000000, Load base: 0x08000000, Size: 0x0000ae08, Max: 0x00200000, ABSOLUTE)

    Exec Addr    Load Addr    Size         Type   Attr      Idx    E Section Name        Object

    0x08000000   0x08000000   0x00000298   Data   RO         9089    RESET               startup_stm32h743xx.o
    0x08000298   0x08000298   0x00000000   Code   RO         9884  * .ARM.Collect$$$$00000000  mc_w.l(entry.o)
    0x08000298   0x08000298   0x00000004   Code   RO        10168    .ARM.Collect$$$$00000001  mc_w.l(entry2.o)
    0x0800029c   0x0800029c   0x00000004   Code   RO        10171    .ARM.Collect$$$$00000004  mc_w.l(entry5.o)
    0x080002a0   0x080002a0   0x00000000   Code   RO        10173    .ARM.Collect$$$$00000008  mc_w.l(entry7b.o)
    0x080002a0   0x080002a0   0x00000000   Code   RO        10175    .ARM.Collect$$$$0000000A  mc_w.l(entry8b.o)
    0x080002a0   0x080002a0   0x00000008   Code   RO        10176    .ARM.Collect$$$$0000000B  mc_w.l(entry9a.o)
    0x080002a8   0x080002a8   0x00000000   Code   RO        10178    .ARM.Collect$$$$0000000D  mc_w.l(entry10a.o)
    0x080002a8   0x080002a8   0x00000000   Code   RO        10180    .ARM.Collect$$$$0000000F  mc_w.l(entry11a.o)
    0x080002a8   0x080002a8   0x00000004   Code   RO        10169    .ARM.Collect$$$$00002712  mc_w.l(entry2.o)
    0x080002ac   0x080002ac   0x000000be   Code   RO         1516    .emb_text           port.o
    0x0800036a   0x0800036a   0x00000002   PAD
    0x0800036c   0x0800036c   0x00000024   Code   RO         9090    .text               startup_stm32h743xx.o
    0x08000390   0x08000390   0x00000024   Code   RO         9889    .text               mc_w.l(memcpya.o)
    0x080003b4   0x080003b4   0x00000024   Code   RO         9891    .text               mc_w.l(memseta.o)
    0x080003d8   0x080003d8   0x0000001a   Code   RO         9899    .text               mc_w.l(memcmp.o)
    0x080003f2   0x080003f2   0x0000002c   Code   RO        10185    .text               mc_w.l(uidiv.o)
    0x0800041e   0x0800041e   0x00000002   PAD
    0x08000420   0x08000420   0x00000024   Code   RO        10202    .text               mc_w.l(init.o)
    0x08000444   0x08000444   0x00000000   Code   RO        10204    .text               mc_w.l(semi.o)
    0x08000444   0x08000444   0x00000000   Code   RO        10207    .text               mc_w.l(iusesemip.o)
    0x08000444   0x08000444   0x00000056   Code   RO        10218    .text               mc_w.l(__dczerorl2.o)
    0x0800049a   0x0800049a   0x00000002   PAD
    0x0800049c   0x0800049c   0x00000064   Code   RO         8357    i.BSP_LED_Init      stm32h7xx_nucleo_144.o
    0x08000500   0x08000500   0x00000018   Code   RO         8360    i.BSP_LED_Toggle    stm32h7xx_nucleo_144.o
    0x08000518   0x08000518   0x00000002   Code   RO          358    i.BusFault_Handler  stm32h7xx_it.o
    0x0800051a   0x0800051a   0x00000002   PAD
    0x0800051c   0x0800051c   0x0000007c   Code   RO          579    i.CPU_CACHE_Enable  main.o
    0x08000598   0x08000598   0x00000002   Code   RO          359    i.DebugMon_Handler  stm32h7xx_it.o
    0x0800059a   0x0800059a   0x00000002   PAD
    0x0800059c   0x0800059c   0x0000000c   Code   RO          360    i.ETH_IRQHandler    stm32h7xx_it.o
    0x080005a8   0x080005a8   0x000000d8   Code   RO         4791    i.ETH_MACDMAConfig  stm32h7xx_hal_eth.o
    0x08000680   0x08000680   0x00000004   Code   RO          691    i.ETH_PHY_IO_DeInit  ethernetif.o
    0x08000684   0x08000684   0x00000004   Code   RO          692    i.ETH_PHY_IO_GetTick  ethernetif.o
    0x08000688   0x08000688   0x00000010   Code   RO          693    i.ETH_PHY_IO_Init   ethernetif.o
    0x08000698   0x08000698   0x0000001c   Code   RO          694    i.ETH_PHY_IO_ReadReg  ethernetif.o
    0x080006b4   0x080006b4   0x0000001c   Code   RO          695    i.ETH_PHY_IO_WriteReg  ethernetif.o
    0x080006d0   0x080006d0   0x00000300   Code   RO         4792    i.ETH_Prepare_Tx_Descriptors  stm32h7xx_hal_eth.o
    0x080009d0   0x080009d0   0x000000b4   Code   RO         4793    i.ETH_SetDMAConfig  stm32h7xx_hal_eth.o
    0x08000a84   0x08000a84   0x000001a8   Code   RO         4794    i.ETH_SetMACConfig  stm32h7xx_hal_eth.o
    0x08000c2c   0x08000c2c   0x00000024   Code   RO         6257    i.HAL_Delay         stm32h7xx_hal.o
    0x08000c50   0x08000c50   0x00000078   Code   RO         4795    i.HAL_ETH_BuildRxDescriptors  stm32h7xx_hal_eth.o
    0x08000cc8   0x08000cc8   0x00000002   Code   RO         4796    i.HAL_ETH_DMAErrorCallback  stm32h7xx_hal_eth.o
    0x08000cca   0x08000cca   0x0000003c   Code   RO         4798    i.HAL_ETH_DescAssignMemory  stm32h7xx_hal_eth.o
    0x08000d06   0x08000d06   0x00000002   Code   RO         4799    i.HAL_ETH_EEECallback  stm32h7xx_hal_eth.o
    0x08000d08   0x08000d08   0x000001cc   Code   RO         4805    i.HAL_ETH_GetMACConfig  stm32h7xx_hal_eth.o
    0x08000ed4   0x08000ed4   0x0000009a   Code   RO         4809    i.HAL_ETH_GetRxDataBuffer  stm32h7xx_hal_eth.o
    0x08000f6e   0x08000f6e   0x00000034   Code   RO         4811    i.HAL_ETH_GetRxDataLength  stm32h7xx_hal_eth.o
    0x08000fa2   0x08000fa2   0x00000128   Code   RO         4813    i.HAL_ETH_IRQHandler  stm32h7xx_hal_eth.o
    0x080010ca   0x080010ca   0x00000002   PAD
    0x080010cc   0x080010cc   0x00000204   Code   RO         4814    i.HAL_ETH_Init      stm32h7xx_hal_eth.o
    0x080012d0   0x080012d0   0x000000ce   Code   RO         4815    i.HAL_ETH_IsRxDataAvailable  stm32h7xx_hal_eth.o
    0x0800139e   0x0800139e   0x00000002   Code   RO         4816    i.HAL_ETH_MACErrorCallback  stm32h7xx_hal_eth.o
    0x080013a0   0x080013a0   0x000000e4   Code   RO          696    i.HAL_ETH_MspInit   ethernetif.o
    0x08001484   0x08001484   0x00000002   Code   RO         4819    i.HAL_ETH_PMTCallback  stm32h7xx_hal_eth.o
    0x08001486   0x08001486   0x00000002   PAD
    0x08001488   0x08001488   0x00000064   Code   RO         4820    i.HAL_ETH_ReadPHYRegister  stm32h7xx_hal_eth.o
    0x080014ec   0x080014ec   0x0000000c   Code   RO          697    i.HAL_ETH_RxCpltCallback  ethernetif.o
    0x080014f8   0x080014f8   0x00000016   Code   RO         4824    i.HAL_ETH_SetMACConfig  stm32h7xx_hal_eth.o
    0x0800150e   0x0800150e   0x00000002   PAD
    0x08001510   0x08001510   0x00000078   Code   RO         4826    i.HAL_ETH_SetMDIOClockRange  stm32h7xx_hal_eth.o
    0x08001588   0x08001588   0x000000ae   Code   RO         4831    i.HAL_ETH_Start_IT  stm32h7xx_hal_eth.o
    0x08001636   0x08001636   0x0000008a   Code   RO         4833    i.HAL_ETH_Stop_IT   stm32h7xx_hal_eth.o
    0x080016c0   0x080016c0   0x000000b8   Code   RO         4834    i.HAL_ETH_Transmit  stm32h7xx_hal_eth.o
    0x08001778   0x08001778   0x00000002   Code   RO         4836    i.HAL_ETH_TxCpltCallback  stm32h7xx_hal_eth.o
    0x0800177a   0x0800177a   0x00000002   Code   RO         4837    i.HAL_ETH_WakeUpCallback  stm32h7xx_hal_eth.o
    0x0800177c   0x0800177c   0x00000064   Code   RO         4838    i.HAL_ETH_WritePHYRegister  stm32h7xx_hal_eth.o
    0x080017e0   0x080017e0   0x000001fc   Code   RO         2757    i.HAL_GPIO_Init     stm32h7xx_hal_gpio.o
    0x080019dc   0x080019dc   0x0000000e   Code   RO         2760    i.HAL_GPIO_TogglePin  stm32h7xx_hal_gpio.o
    0x080019ea   0x080019ea   0x0000000a   Code   RO         2761    i.HAL_GPIO_WritePin  stm32h7xx_hal_gpio.o
    0x080019f4   0x080019f4   0x0000000c   Code   RO         6272    i.HAL_GetREVID      stm32h7xx_hal.o
    0x08001a00   0x08001a00   0x0000000c   Code   RO         6273    i.HAL_GetTick       stm32h7xx_hal.o
    0x08001a0c   0x08001a0c   0x00000010   Code   RO         6276    i.HAL_IncTick       stm32h7xx_hal.o
    0x08001a1c   0x08001a1c   0x00000058   Code   RO         6277    i.HAL_Init          stm32h7xx_hal.o
    0x08001a74   0x08001a74   0x00000080   Code   RO            4    i.HAL_InitTick      stm32h7xx_hal_timebase_tim.o
    0x08001af4   0x08001af4   0x0000005c   Code   RO         3067    i.HAL_MPU_ConfigRegion  stm32h7xx_hal_cortex.o
    0x08001b50   0x08001b50   0x0000001c   Code   RO         3068    i.HAL_MPU_Disable   stm32h7xx_hal_cortex.o
    0x08001b6c   0x08001b6c   0x00000024   Code   RO         3069    i.HAL_MPU_Enable    stm32h7xx_hal_cortex.o
    0x08001b90   0x08001b90   0x0000002c   Code   RO         1029    i.HAL_MspInit       stm32h7xx_hal_msp.o
    0x08001bbc   0x08001bbc   0x0000001a   Code   RO         3072    i.HAL_NVIC_EnableIRQ  stm32h7xx_hal_cortex.o
    0x08001bd6   0x08001bd6   0x00000002   PAD
    0x08001bd8   0x08001bd8   0x00000040   Code   RO         3078    i.HAL_NVIC_SetPriority  stm32h7xx_hal_cortex.o
    0x08001c18   0x08001c18   0x00000024   Code   RO         3079    i.HAL_NVIC_SetPriorityGrouping  stm32h7xx_hal_cortex.o
    0x08001c3c   0x08001c3c   0x00000050   Code   RO         6789    i.HAL_PWREx_ConfigSupply  stm32h7xx_hal_pwr_ex.o
    0x08001c8c   0x08001c8c   0x00000010   Code   RO         6806    i.HAL_PWREx_EnableUSBVoltageDetector  stm32h7xx_hal_pwr_ex.o
    0x08001c9c   0x08001c9c   0x00000084   Code   RO         4072    i.HAL_PWR_ConfigPVD  stm32h7xx_hal_pwr.o
    0x08001d20   0x08001d20   0x00000010   Code   RO         4080    i.HAL_PWR_EnablePVD  stm32h7xx_hal_pwr.o
    0x08001d30   0x08001d30   0x0000002c   Code   RO         3918    i.HAL_RCCEx_GetD1SysClockFreq  stm32h7xx_hal_rcc_ex.o
    0x08001d5c   0x08001d5c   0x000008b6   Code   RO         3926    i.HAL_RCCEx_PeriphCLKConfig  stm32h7xx_hal_rcc_ex.o
    0x08002612   0x08002612   0x00000002   PAD
    0x08002614   0x08002614   0x00000240   Code   RO         1896    i.HAL_RCC_ClockConfig  stm32h7xx_hal_rcc.o
    0x08002854   0x08002854   0x0000005c   Code   RO         1900    i.HAL_RCC_GetClockConfig  stm32h7xx_hal_rcc.o
    0x080028b0   0x080028b0   0x0000002c   Code   RO         1901    i.HAL_RCC_GetHCLKFreq  stm32h7xx_hal_rcc.o
    0x080028dc   0x080028dc   0x00000024   Code   RO         1903    i.HAL_RCC_GetPCLK1Freq  stm32h7xx_hal_rcc.o
    0x08002900   0x08002900   0x00000138   Code   RO         1905    i.HAL_RCC_GetSysClockFreq  stm32h7xx_hal_rcc.o
    0x08002a38   0x08002a38   0x000004ba   Code   RO         1908    i.HAL_RCC_OscConfig  stm32h7xx_hal_rcc.o
    0x08002ef2   0x08002ef2   0x00000002   PAD
    0x08002ef4   0x08002ef4   0x00000140   Code   RO         7148    i.HAL_SPI_Init      stm32h7xx_hal_spi.o
    0x08003034   0x08003034   0x000000a4   Code   RO         1031    i.HAL_SPI_MspInit   stm32h7xx_hal_msp.o
    0x080030d8   0x080030d8   0x00000228   Code   RO         7151    i.HAL_SPI_Receive   stm32h7xx_hal_spi.o
    0x08003300   0x08003300   0x0000022c   Code   RO         7156    i.HAL_SPI_Transmit  stm32h7xx_hal_spi.o
    0x0800352c   0x0800352c   0x00000322   Code   RO         7157    i.HAL_SPI_TransmitReceive  stm32h7xx_hal_spi.o
    0x0800384e   0x0800384e   0x00000002   PAD
    0x08003850   0x08003850   0x00000014   Code   RO         6289    i.HAL_SYSCFG_ETHInterfaceSelect  stm32h7xx_hal.o
    0x08003864   0x08003864   0x00000002   Code   RO         1997    i.HAL_TIMEx_Break2Callback  stm32h7xx_hal_tim_ex.o
    0x08003866   0x08003866   0x00000002   Code   RO         1998    i.HAL_TIMEx_BreakCallback  stm32h7xx_hal_tim_ex.o
    0x08003868   0x08003868   0x00000002   Code   RO         1999    i.HAL_TIMEx_CommutCallback  stm32h7xx_hal_tim_ex.o
    0x0800386a   0x0800386a   0x00000036   Code   RO         3209    i.HAL_TIM_Base_Init  stm32h7xx_hal_tim.o
    0x080038a0   0x080038a0   0x00000002   Code   RO         3211    i.HAL_TIM_Base_MspInit  stm32h7xx_hal_tim.o
    0x080038a2   0x080038a2   0x00000002   PAD
    0x080038a4   0x080038a4   0x0000002c   Code   RO         3214    i.HAL_TIM_Base_Start_IT  stm32h7xx_hal_tim.o
    0x080038d0   0x080038d0   0x00000002   Code   RO         3240    i.HAL_TIM_IC_CaptureCallback  stm32h7xx_hal_tim.o
    0x080038d2   0x080038d2   0x00000182   Code   RO         3254    i.HAL_TIM_IRQHandler  stm32h7xx_hal_tim.o
    0x08003a54   0x08003a54   0x00000002   Code   RO         3257    i.HAL_TIM_OC_DelayElapsedCallback  stm32h7xx_hal_tim.o
    0x08003a56   0x08003a56   0x00000002   Code   RO         3284    i.HAL_TIM_PWM_PulseFinishedCallback  stm32h7xx_hal_tim.o
    0x08003a58   0x08003a58   0x00000004   Code   RO            7    i.HAL_TIM_PeriodElapsedCallback  stm32h7xx_hal_timebase_tim.o
    0x08003a5c   0x08003a5c   0x00000002   Code   RO         3297    i.HAL_TIM_TriggerCallback  stm32h7xx_hal_tim.o
    0x08003a5e   0x08003a5e   0x00000002   Code   RO          361    i.HardFault_Handler  stm32h7xx_it.o
    0x08003a60   0x08003a60   0x00000020   Code   RO          581    i.HeartLedThread    main.o
    0x08003a80   0x08003a80   0x00000094   Code   RO         1808    i.LAN8742_GetLinkState  lan8742.o
    0x08003b14   0x08003b14   0x000000d2   Code   RO         1809    i.LAN8742_Init      lan8742.o
    0x08003be6   0x08003be6   0x0000002c   Code   RO         1810    i.LAN8742_RegisterBusIO  lan8742.o
    0x08003c12   0x08003c12   0x00000002   PAD
    0x08003c14   0x08003c14   0x00000084   Code   RO          582    i.MPU_Config        main.o
    0x08003c98   0x08003c98   0x00000154   Code   RO          583    i.MX_GPIO_Init      main.o
    0x08003dec   0x08003dec   0x00000050   Code   RO          584    i.MX_SPI4_Init      main.o
    0x08003e3c   0x08003e3c   0x00000050   Code   RO          585    i.MX_SPI5_Init      main.o
    0x08003e8c   0x08003e8c   0x00000002   Code   RO          362    i.MemManage_Handler  stm32h7xx_it.o
    0x08003e8e   0x08003e8e   0x00000002   Code   RO          363    i.NMI_Handler       stm32h7xx_it.o
    0x08003e90   0x08003e90   0x00000048   Code   RO          847    i.NRF24L01_RX_Check  nrf24l01.o
    0x08003ed8   0x08003ed8   0x00000040   Code   RO          849    i.NRF24L01_RX_Read_Buf  nrf24l01.o
    0x08003f18   0x08003f18   0x00000048   Code   RO          850    i.NRF24L01_RX_Read_Reg  nrf24l01.o
    0x08003f60   0x08003f60   0x0000004c   Code   RO          851    i.NRF24L01_RX_Write_Buf  nrf24l01.o
    0x08003fac   0x08003fac   0x00000048   Code   RO          852    i.NRF24L01_RX_Write_Reg  nrf24l01.o
    0x08003ff4   0x08003ff4   0x00000032   Code   RO          853    i.NRF24L01_RxPacket  nrf24l01.o
    0x08004026   0x08004026   0x00000002   PAD
    0x08004028   0x08004028   0x00000048   Code   RO          854    i.NRF24L01_TX_Check  nrf24l01.o
    0x08004070   0x08004070   0x00000040   Code   RO          856    i.NRF24L01_TX_Read_Buf  nrf24l01.o
    0x080040b0   0x080040b0   0x0000004c   Code   RO          858    i.NRF24L01_TX_Write_Buf  nrf24l01.o
    0x080040fc   0x080040fc   0x00000048   Code   RO          859    i.NRF24L01_TX_Write_Reg  nrf24l01.o
    0x08004144   0x08004144   0x0000002c   Code   RO          860    i.NRF24L01_TxPacket  nrf24l01.o
    0x08004170   0x08004170   0x00000068   Code   RO          586    i.Netif_Config      main.o
    0x080041d8   0x080041d8   0x00000120   Code   RO         3929    i.RCCEx_PLL2_Config  stm32h7xx_hal_rcc_ex.o
    0x080042f8   0x080042f8   0x00000120   Code   RO         3930    i.RCCEx_PLL3_Config  stm32h7xx_hal_rcc_ex.o
    0x08004418   0x08004418   0x00000040   Code   RO          587    i.RXThread          main.o
    0x08004458   0x08004458   0x00000074   Code   RO          861    i.RX_Mode           nrf24l01.o
    0x080044cc   0x080044cc   0x00000024   Code   RO          698    i.SCB_InvalidateDCache_by_Addr  ethernetif.o
    0x080044f0   0x080044f0   0x000000bc   Code   RO         7167    i.SPI_CloseTransfer  stm32h7xx_hal_spi.o
    0x080045ac   0x080045ac   0x00000042   Code   RO         7184    i.SPI_WaitOnFlagUntilTimeout  stm32h7xx_hal_spi.o
    0x080045ee   0x080045ee   0x00000002   PAD
    0x080045f0   0x080045f0   0x00000040   Code   RO          588    i.StartThread       main.o
    0x08004630   0x08004630   0x00000004   Code   RO          364    i.SysTick_Handler   stm32h7xx_it.o
    0x08004634   0x08004634   0x000000c0   Code   RO          589    i.SystemClock_Config  main.o
    0x080046f4   0x080046f4   0x0000009c   Code   RO         7461    i.SystemInit        system_stm32h7xx.o
    0x08004790   0x08004790   0x0000000c   Code   RO            8    i.TIM6_DAC_IRQHandler  stm32h7xx_hal_timebase_tim.o
    0x0800479c   0x0800479c   0x000000c4   Code   RO         3299    i.TIM_Base_SetConfig  stm32h7xx_hal_tim.o
    0x08004860   0x08004860   0x00000088   Code   RO          862    i.TX_Mode           nrf24l01.o
    0x080048e8   0x080048e8   0x00000018   Code   RO          590    i.UDPThread         main.o
    0x08004900   0x08004900   0x00000028   Code   RO          973    i.UDP_server_init   udp_server.o
    0x08004928   0x08004928   0x00000002   Code   RO          365    i.UsageFault_Handler  stm32h7xx_it.o
    0x0800492a   0x0800492a   0x00000002   PAD
    0x0800492c   0x0800492c   0x00000020   Code   RO         9996    i.__0printf$3       mc_w.l(printf3.o)
    0x0800494c   0x0800494c   0x00000022   Code   RO         3085    i.__NVIC_SetPriority  stm32h7xx_hal_cortex.o
    0x0800496e   0x0800496e   0x0000000e   Code   RO        10212    i.__scatterload_copy  mc_w.l(handlers.o)
    0x0800497c   0x0800497c   0x00000002   Code   RO        10213    i.__scatterload_null  mc_w.l(handlers.o)
    0x0800497e   0x0800497e   0x0000000e   Code   RO        10214    i.__scatterload_zeroinit  mc_w.l(handlers.o)
    0x0800498c   0x0800498c   0x000001b8   Code   RO        10003    i._printf_core      mc_w.l(printf3.o)
    0x08004b44   0x08004b44   0x0000001c   Code   RO         9681    i.cyclic_timer      timeouts.o
    0x08004b60   0x08004b60   0x000000a8   Code   RO         9756    i.do_memp_free_pool  memp.o
    0x08004c08   0x08004c08   0x000000b8   Code   RO         9757    i.do_memp_malloc_pool  memp.o
    0x08004cc0   0x08004cc0   0x00000030   Code   RO         7706    i.etharp_cleanup_netif  etharp.o
    0x08004cf0   0x08004cf0   0x00000258   Code   RO         7708    i.etharp_find_entry  etharp.o
    0x08004f48   0x08004f48   0x00000024   Code   RO         7709    i.etharp_free_entry  etharp.o
    0x08004f6c   0x08004f6c   0x00000104   Code   RO         7711    i.etharp_input      etharp.o
    0x08005070   0x08005070   0x000001a8   Code   RO         7712    i.etharp_output     etharp.o
    0x08005218   0x08005218   0x00000110   Code   RO         7713    i.etharp_output_to_arp_index  etharp.o
    0x08005328   0x08005328   0x000001d8   Code   RO         7714    i.etharp_query      etharp.o
    0x08005500   0x08005500   0x00000170   Code   RO         7715    i.etharp_raw        etharp.o
    0x08005670   0x08005670   0x0000000c   Code   RO         7716    i.etharp_request    etharp.o
    0x0800567c   0x0800567c   0x00000020   Code   RO         7717    i.etharp_request_dst  etharp.o
    0x0800569c   0x0800569c   0x00000060   Code   RO         7718    i.etharp_tmr        etharp.o
    0x080056fc   0x080056fc   0x0000011c   Code   RO         7719    i.etharp_update_arp_entry  etharp.o
    0x08005818   0x08005818   0x000000a0   Code   RO         1593    i.ethernet_input    ethernet.o
    0x080058b8   0x080058b8   0x00000002   Code   RO          538    i.ethernet_link_status_updated  app_ethernet.o
    0x080058ba   0x080058ba   0x00000002   PAD
    0x080058bc   0x080058bc   0x0000009c   Code   RO          699    i.ethernet_link_thread  ethernetif.o
    0x08005958   0x08005958   0x000000f8   Code   RO         1594    i.ethernet_output   ethernet.o
    0x08005a50   0x08005a50   0x00000088   Code   RO          700    i.ethernetif_init   ethernetif.o
    0x08005ad8   0x08005ad8   0x00000098   Code   RO          701    i.ethernetif_input  ethernetif.o
    0x08005b70   0x08005b70   0x00000012   Code   RO        10182    i.fputc             mc_w.l(fputc.o)
    0x08005b82   0x08005b82   0x00000008   Code   RO         7800    i.icmp_dest_unreach  icmp.o
    0x08005b8a   0x08005b8a   0x00000002   PAD
    0x08005b8c   0x08005b8c   0x000001f4   Code   RO         7801    i.icmp_input        icmp.o
    0x08005d80   0x08005d80   0x00000118   Code   RO         7802    i.icmp_send_response  icmp.o
    0x08005e98   0x08005e98   0x00000008   Code   RO         7803    i.icmp_time_exceeded  icmp.o
    0x08005ea0   0x08005ea0   0x0000000c   Code   RO         1138    i.inHandlerMode     cmsis_os.o
    0x08005eac   0x08005eac   0x0000000c   Code   RO         9100    i.inet_chksum       inet_chksum.o
    0x08005eb8   0x08005eb8   0x0000002e   Code   RO         7836    i.ip4_addr_isbroadcast_u32  ip4_addr.o
    0x08005ee6   0x08005ee6   0x00000002   PAD
    0x08005ee8   0x08005ee8   0x00000254   Code   RO         7647    i.ip4_frag          ip4_frag.o
    0x0800613c   0x0800613c   0x00000194   Code   RO         7581    i.ip4_input         ip4.o
    0x080062d0   0x080062d0   0x0000001e   Code   RO         7583    i.ip4_output_if     ip4.o
    0x080062ee   0x080062ee   0x00000002   PAD
    0x080062f0   0x080062f0   0x00000170   Code   RO         7584    i.ip4_output_if_src  ip4.o
    0x08006460   0x08006460   0x000001b4   Code   RO         7648    i.ip4_reass         ip4_frag.o
    0x08006614   0x08006614   0x0000005c   Code   RO         7585    i.ip4_route         ip4.o
    0x08006670   0x08006670   0x00000090   Code   RO         7649    i.ip_frag_free_pbuf_custom_ref  ip4_frag.o
    0x08006700   0x08006700   0x00000260   Code   RO         7650    i.ip_reass_chain_frag_into_datagram_and_validate  ip4_frag.o
    0x08006960   0x08006960   0x000000bc   Code   RO         7651    i.ip_reass_dequeue_datagram  ip4_frag.o
    0x08006a1c   0x08006a1c   0x00000190   Code   RO         7652    i.ip_reass_free_complete_datagram  ip4_frag.o
    0x08006bac   0x08006bac   0x00000080   Code   RO         7653    i.ip_reass_remove_oldest_datagram  ip4_frag.o
    0x08006c2c   0x08006c2c   0x0000002c   Code   RO         7654    i.ip_reass_tmr      ip4_frag.o
    0x08006c58   0x08006c58   0x00000098   Code   RO         7655    i.ipfrag_free_pbuf_custom  ip4_frag.o
    0x08006cf0   0x08006cf0   0x00000164   Code   RO          702    i.low_level_init    ethernetif.o
    0x08006e54   0x08006e54   0x00000068   Code   RO          703    i.low_level_output  ethernetif.o
    0x08006ebc   0x08006ebc   0x00000004   Code   RO         9466    i.lwip_htons        def.o
    0x08006ec0   0x08006ec0   0x0000001e   Code   RO         9167    i.lwip_init         init.o
    0x08006ede   0x08006ede   0x00000002   PAD
    0x08006ee0   0x08006ee0   0x0000005c   Code   RO         9108    i.lwip_standard_chksum  inet_chksum.o
    0x08006f3c   0x08006f3c   0x00000090   Code   RO          591    i.main              main.o
    0x08006fcc   0x08006fcc   0x0000000e   Code   RO         1140    i.makeFreeRtosPriority  cmsis_os.o
    0x08006fda   0x08006fda   0x00000002   PAD
    0x08006fdc   0x08006fdc   0x00000138   Code   RO         9417    i.mem_free          mem.o
    0x08007114   0x08007114   0x000000c4   Code   RO         9418    i.mem_init          mem.o
    0x080071d8   0x080071d8   0x00000210   Code   RO         9419    i.mem_malloc        mem.o
    0x080073e8   0x080073e8   0x000001a8   Code   RO         9420    i.mem_trim          mem.o
    0x08007590   0x08007590   0x0000009c   Code   RO         9758    i.memp_free         memp.o
    0x0800762c   0x0800762c   0x00000088   Code   RO         9759    i.memp_free_pool    memp.o
    0x080076b4   0x080076b4   0x00000020   Code   RO         9760    i.memp_init         memp.o
    0x080076d4   0x080076d4   0x0000002a   Code   RO         9761    i.memp_init_pool    memp.o
    0x080076fe   0x080076fe   0x00000002   PAD
    0x08007700   0x08007700   0x000000a4   Code   RO         9762    i.memp_malloc       memp.o
    0x080077a4   0x080077a4   0x0000008c   Code   RO         9763    i.memp_malloc_pool  memp.o
    0x08007830   0x08007830   0x000000e4   Code   RO         9304    i.netif_add         netif.o
    0x08007914   0x08007914   0x00000002   Code   RO         9306    i.netif_init        netif.o
    0x08007916   0x08007916   0x0000001a   Code   RO         9308    i.netif_issue_reports  netif.o
    0x08007930   0x08007930   0x00000048   Code   RO         9310    i.netif_set_addr    netif.o
    0x08007978   0x08007978   0x0000000c   Code   RO         9311    i.netif_set_default  netif.o
    0x08007984   0x08007984   0x0000001a   Code   RO         9312    i.netif_set_down    netif.o
    0x0800799e   0x0800799e   0x00000008   Code   RO         9313    i.netif_set_gw      netif.o
    0x080079a6   0x080079a6   0x00000002   PAD
    0x080079a8   0x080079a8   0x00000038   Code   RO         9314    i.netif_set_ipaddr  netif.o
    0x080079e0   0x080079e0   0x00000008   Code   RO         9315    i.netif_set_link_callback  netif.o
    0x080079e8   0x080079e8   0x0000001a   Code   RO         9316    i.netif_set_link_down  netif.o
    0x08007a02   0x08007a02   0x00000030   Code   RO         9317    i.netif_set_link_up  netif.o
    0x08007a32   0x08007a32   0x00000008   Code   RO         9318    i.netif_set_netmask  netif.o
    0x08007a3a   0x08007a3a   0x0000001c   Code   RO         9319    i.netif_set_up      netif.o
    0x08007a56   0x08007a56   0x0000000e   Code   RO         1142    i.osDelay           cmsis_os.o
    0x08007a64   0x08007a64   0x0000000a   Code   RO         1145    i.osKernelStart     cmsis_os.o
    0x08007a6e   0x08007a6e   0x00000018   Code   RO         1146    i.osKernelSysTick   cmsis_os.o
    0x08007a86   0x08007a86   0x0000000a   Code   RO         1154    i.osMessageCreate   cmsis_os.o
    0x08007a90   0x08007a90   0x00000094   Code   RO         1156    i.osMessageGet      cmsis_os.o
    0x08007b24   0x08007b24   0x0000005c   Code   RO         1158    i.osMessagePut      cmsis_os.o
    0x08007b80   0x08007b80   0x00000006   Code   RO         1160    i.osMutexCreate     cmsis_os.o
    0x08007b86   0x08007b86   0x00000002   PAD
    0x08007b88   0x08007b88   0x00000050   Code   RO         1162    i.osMutexRelease    cmsis_os.o
    0x08007bd8   0x08007bd8   0x00000068   Code   RO         1163    i.osMutexWait       cmsis_os.o
    0x08007c40   0x08007c40   0x00000050   Code   RO         1174    i.osSemaphoreRelease  cmsis_os.o
    0x08007c90   0x08007c90   0x00000068   Code   RO         1175    i.osSemaphoreWait   cmsis_os.o
    0x08007cf8   0x08007cf8   0x00000014   Code   RO         1178    i.osSystickHandler  cmsis_os.o
    0x08007d0c   0x08007d0c   0x0000002e   Code   RO         1179    i.osThreadCreate    cmsis_os.o
    0x08007d3a   0x08007d3a   0x0000000a   Code   RO         1188    i.osThreadTerminate  cmsis_os.o
    0x08007d44   0x08007d44   0x00000368   Code   RO         9514    i.pbuf_alloc        pbuf.o
    0x080080ac   0x080080ac   0x000000e0   Code   RO         9515    i.pbuf_alloced_custom  pbuf.o
    0x0800818c   0x0800818c   0x00000130   Code   RO         9516    i.pbuf_cat          pbuf.o
    0x080082bc   0x080082bc   0x00000012   Code   RO         9517    i.pbuf_chain        pbuf.o
    0x080082ce   0x080082ce   0x00000012   Code   RO         9518    i.pbuf_clen         pbuf.o
    0x080082e0   0x080082e0   0x000001ec   Code   RO         9520    i.pbuf_copy         pbuf.o
    0x080084cc   0x080084cc   0x00000178   Code   RO         9523    i.pbuf_free         pbuf.o
    0x08008644   0x08008644   0x0000001c   Code   RO          704    i.pbuf_free_custom  ethernetif.o
    0x08008660   0x08008660   0x00000006   Code   RO         9525    i.pbuf_header       pbuf.o
    0x08008666   0x08008666   0x00000006   Code   RO         9526    i.pbuf_header_force  pbuf.o
    0x0800866c   0x0800866c   0x00000124   Code   RO         9527    i.pbuf_header_impl  pbuf.o
    0x08008790   0x08008790   0x00000198   Code   RO         9531    i.pbuf_realloc      pbuf.o
    0x08008928   0x08008928   0x0000009c   Code   RO         9532    i.pbuf_ref          pbuf.o
    0x080089c4   0x080089c4   0x0000017c   Code   RO         9421    i.plug_holes        mem.o
    0x08008b40   0x08008b40   0x00000050   Code   RO         8739    i.prvAddCurrentTaskToDelayedList  tasks.o
    0x08008b90   0x08008b90   0x000000c8   Code   RO         8740    i.prvAddNewTaskToReadyList  tasks.o
    0x08008c58   0x08008c58   0x00000026   Code   RO         8535    i.prvCopyDataFromQueue  queue.o
    0x08008c7e   0x08008c7e   0x0000006c   Code   RO         8536    i.prvCopyDataToQueue  queue.o
    0x08008cea   0x08008cea   0x00000014   Code   RO         8741    i.prvDeleteTCB      tasks.o
    0x08008cfe   0x08008cfe   0x00000002   PAD
    0x08008d00   0x08008d00   0x00000050   Code   RO         1074    i.prvHeapInit       heap_4.o
    0x08008d50   0x08008d50   0x00000060   Code   RO         8742    i.prvIdleTask       tasks.o
    0x08008db0   0x08008db0   0x0000009c   Code   RO         8743    i.prvInitialiseNewTask  tasks.o
    0x08008e4c   0x08008e4c   0x0000004c   Code   RO         1075    i.prvInsertBlockIntoFreeList  heap_4.o
    0x08008e98   0x08008e98   0x0000001c   Code   RO         8537    i.prvIsQueueEmpty   queue.o
    0x08008eb4   0x08008eb4   0x00000020   Code   RO         8745    i.prvResetNextTaskUnblockTime  tasks.o
    0x08008ed4   0x08008ed4   0x00000028   Code   RO         1517    i.prvTaskExitError  port.o
    0x08008efc   0x08008efc   0x0000006a   Code   RO         8538    i.prvUnlockQueue    queue.o
    0x08008f66   0x08008f66   0x00000002   PAD
    0x08008f68   0x08008f68   0x000000d8   Code   RO         1076    i.pvPortMalloc      heap_4.o
    0x08009040   0x08009040   0x00000018   Code   RO         8746    i.pvTaskIncrementMutexHeldCount  tasks.o
    0x08009058   0x08009058   0x00000030   Code   RO         1518    i.pxPortInitialiseStack  port.o
    0x08009088   0x08009088   0x00000046   Code   RO         1625    i.sys_arch_mbox_fetch  sys_arch.o
    0x080090ce   0x080090ce   0x00000002   PAD
    0x080090d0   0x080090d0   0x00000018   Code   RO         1627    i.sys_arch_protect  sys_arch.o
    0x080090e8   0x080090e8   0x0000000c   Code   RO         1629    i.sys_arch_unprotect  sys_arch.o
    0x080090f4   0x080090f4   0x00000058   Code   RO         9682    i.sys_check_timeouts  timeouts.o
    0x0800914c   0x0800914c   0x00000018   Code   RO         1630    i.sys_init          sys_arch.o
    0x08009164   0x08009164   0x00000028   Code   RO         1632    i.sys_mbox_new      sys_arch.o
    0x0800918c   0x0800918c   0x00000014   Code   RO         1635    i.sys_mbox_trypost  sys_arch.o
    0x080091a0   0x080091a0   0x0000000a   Code   RO         1636    i.sys_mbox_valid    sys_arch.o
    0x080091aa   0x080091aa   0x0000000a   Code   RO         1638    i.sys_mutex_lock    sys_arch.o
    0x080091b4   0x080091b4   0x0000001c   Code   RO         1639    i.sys_mutex_new     sys_arch.o
    0x080091d0   0x080091d0   0x00000006   Code   RO         1640    i.sys_mutex_unlock  sys_arch.o
    0x080091d6   0x080091d6   0x00000004   Code   RO          705    i.sys_now           ethernetif.o
    0x080091da   0x080091da   0x00000030   Code   RO         1646    i.sys_thread_new    sys_arch.o
    0x0800920a   0x0800920a   0x00000002   PAD
    0x0800920c   0x0800920c   0x0000013c   Code   RO         9684    i.sys_timeout       timeouts.o
    0x08009348   0x08009348   0x00000034   Code   RO         9685    i.sys_timeouts_init  timeouts.o
    0x0800937c   0x0800937c   0x00000048   Code   RO         9686    i.sys_timeouts_mbox_fetch  timeouts.o
    0x080093c4   0x080093c4   0x00000044   Code   RO         7951    i.tcpip_init        tcpip.o
    0x08009408   0x08009408   0x000000c0   Code   RO         7952    i.tcpip_inpkt       tcpip.o
    0x080094c8   0x080094c8   0x0000001c   Code   RO         7953    i.tcpip_input       tcpip.o
    0x080094e4   0x080094e4   0x0000006c   Code   RO         7955    i.tcpip_thread      tcpip.o
    0x08009550   0x08009550   0x000000b8   Code   RO         9194    i.udp_bind          udp.o
    0x08009608   0x08009608   0x00000040   Code   RO          974    i.udp_demo_senddata  udp_server.o
    0x08009648   0x08009648   0x00000002   Code   RO         9197    i.udp_init          udp.o
    0x0800964a   0x0800964a   0x00000002   PAD
    0x0800964c   0x0800964c   0x0000019c   Code   RO         9198    i.udp_input         udp.o
    0x080097e8   0x080097e8   0x00000034   Code   RO         9199    i.udp_netif_ip_addr_changed  udp.o
    0x0800981c   0x0800981c   0x0000001a   Code   RO         9200    i.udp_new           udp.o
    0x08009836   0x08009836   0x00000006   Code   RO         9202    i.udp_recv          udp.o
    0x0800983c   0x0800983c   0x00000032   Code   RO         9205    i.udp_sendto        udp.o
    0x0800986e   0x0800986e   0x00000036   Code   RO         9206    i.udp_sendto_if     udp.o
    0x080098a4   0x080098a4   0x00000144   Code   RO         9207    i.udp_sendto_if_src  udp.o
    0x080099e8   0x080099e8   0x000000e8   Code   RO          975    i.udp_server_recv   udp_server.o
    0x08009ad0   0x08009ad0   0x00000026   Code   RO         9042    i.uxListRemove      list.o
    0x08009af6   0x08009af6   0x00000016   Code   RO         9043    i.vListInitialise   list.o
    0x08009b0c   0x08009b0c   0x00000006   Code   RO         9044    i.vListInitialiseItem  list.o
    0x08009b12   0x08009b12   0x00000030   Code   RO         9045    i.vListInsert       list.o
    0x08009b42   0x08009b42   0x00000018   Code   RO         9046    i.vListInsertEnd    list.o
    0x08009b5a   0x08009b5a   0x00000002   PAD
    0x08009b5c   0x08009b5c   0x00000040   Code   RO         1520    i.vPortEnterCritical  port.o
    0x08009b9c   0x08009b9c   0x00000028   Code   RO         1521    i.vPortExitCritical  port.o
    0x08009bc4   0x08009bc4   0x0000005c   Code   RO         1077    i.vPortFree         heap_4.o
    0x08009c20   0x08009c20   0x00000024   Code   RO         1522    i.vPortSetupTimerInterrupt  port.o
    0x08009c44   0x08009c44   0x00000054   Code   RO         1523    i.vPortValidateInterruptPriority  port.o
    0x08009c98   0x08009c98   0x0000004c   Code   RO         8754    i.vTaskDelay        tasks.o
    0x08009ce4   0x08009ce4   0x000000ac   Code   RO         8755    i.vTaskDelete       tasks.o
    0x08009d90   0x08009d90   0x00000010   Code   RO         8758    i.vTaskInternalSetTimeOutState  tasks.o
    0x08009da0   0x08009da0   0x0000000c   Code   RO         8760    i.vTaskMissedYield  tasks.o
    0x08009dac   0x08009dac   0x00000030   Code   RO         8762    i.vTaskPlaceOnEventList  tasks.o
    0x08009ddc   0x08009ddc   0x000000b0   Code   RO         8764    i.vTaskPriorityDisinheritAfterTimeout  tasks.o
    0x08009e8c   0x08009e8c   0x00000068   Code   RO         8769    i.vTaskStartScheduler  tasks.o
    0x08009ef4   0x08009ef4   0x00000010   Code   RO         8770    i.vTaskSuspendAll   tasks.o
    0x08009f04   0x08009f04   0x0000005c   Code   RO         8771    i.vTaskSwitchContext  tasks.o
    0x08009f60   0x08009f60   0x000000f4   Code   RO         1524    i.xPortStartScheduler  port.o
    0x0800a054   0x0800a054   0x0000002c   Code   RO         1525    i.xPortSysTickHandler  port.o
    0x0800a080   0x0800a080   0x00000024   Code   RO         8549    i.xQueueCreateMutex  queue.o
    0x0800a0a4   0x0800a0a4   0x00000052   Code   RO         8550    i.xQueueGenericCreate  queue.o
    0x0800a0f6   0x0800a0f6   0x00000002   PAD
    0x0800a0f8   0x0800a0f8   0x00000094   Code   RO         8551    i.xQueueGenericReset  queue.o
    0x0800a18c   0x0800a18c   0x00000160   Code   RO         8552    i.xQueueGenericSend  queue.o
    0x0800a2ec   0x0800a2ec   0x000000bc   Code   RO         8553    i.xQueueGenericSendFromISR  queue.o
    0x0800a3a8   0x0800a3a8   0x0000009c   Code   RO         8554    i.xQueueGiveFromISR  queue.o
    0x0800a444   0x0800a444   0x0000013c   Code   RO         8560    i.xQueueReceive     queue.o
    0x0800a580   0x0800a580   0x0000009c   Code   RO         8561    i.xQueueReceiveFromISR  queue.o
    0x0800a61c   0x0800a61c   0x0000017c   Code   RO         8562    i.xQueueSemaphoreTake  queue.o
    0x0800a798   0x0800a798   0x0000006c   Code   RO         8772    i.xTaskCheckForTimeOut  tasks.o
    0x0800a804   0x0800a804   0x00000056   Code   RO         8773    i.xTaskCreate       tasks.o
    0x0800a85a   0x0800a85a   0x00000002   PAD
    0x0800a85c   0x0800a85c   0x0000001c   Code   RO         8777    i.xTaskGetSchedulerState  tasks.o
    0x0800a878   0x0800a878   0x0000000c   Code   RO         8778    i.xTaskGetTickCount  tasks.o
    0x0800a884   0x0800a884   0x00000010   Code   RO         8779    i.xTaskGetTickCountFromISR  tasks.o
    0x0800a894   0x0800a894   0x000000c8   Code   RO         8780    i.xTaskIncrementTick  tasks.o
    0x0800a95c   0x0800a95c   0x000000a0   Code   RO         8783    i.xTaskPriorityDisinherit  tasks.o
    0x0800a9fc   0x0800a9fc   0x00000098   Code   RO         8784    i.xTaskPriorityInherit  tasks.o
    0x0800aa94   0x0800aa94   0x00000074   Code   RO         8785    i.xTaskRemoveFromEventList  tasks.o
    0x0800ab08   0x0800ab08   0x000000c4   Code   RO         8786    i.xTaskResumeAll    tasks.o
    0x0800abcc   0x0800abcc   0x00000064   Data   RO          596    .constdata          main.o
    0x0800ac30   0x0800ac30   0x00000020   Data   RO          711    .constdata          ethernetif.o
    0x0800ac50   0x0800ac50   0x0000000a   Data   RO          863    .constdata          nrf24l01.o
    0x0800ac5a   0x0800ac5a   0x00000006   Data   RO         1595    .constdata          ethernet.o
    0x0800ac60   0x0800ac60   0x00000006   Data   RO         1596    .constdata          ethernet.o
    0x0800ac66   0x0800ac66   0x00000002   PAD
    0x0800ac68   0x0800ac68   0x0000000c   Data   RO         1647    .constdata          sys_arch.o
    0x0800ac74   0x0800ac74   0x00000010   Data   RO         7462    .constdata          system_stm32h7xx.o
    0x0800ac84   0x0800ac84   0x00000004   Data   RO         7843    .constdata          ip4_addr.o
    0x0800ac88   0x0800ac88   0x0000000a   Data   RO         8379    .constdata          stm32h7xx_nucleo_144.o
    0x0800ac92   0x0800ac92   0x00000002   PAD
    0x0800ac94   0x0800ac94   0x00000010   Data   RO         9688    .constdata          timeouts.o
    0x0800aca4   0x0800aca4   0x0000000c   Data   RO         9774    .constdata          memp.o
    0x0800acb0   0x0800acb0   0x0000000c   Data   RO         9775    .constdata          memp.o
    0x0800acbc   0x0800acbc   0x0000000c   Data   RO         9776    .constdata          memp.o
    0x0800acc8   0x0800acc8   0x0000000c   Data   RO         9777    .constdata          memp.o
    0x0800acd4   0x0800acd4   0x0000000c   Data   RO         9778    .constdata          memp.o
    0x0800ace0   0x0800ace0   0x0000000c   Data   RO         9779    .constdata          memp.o
    0x0800acec   0x0800acec   0x0000000c   Data   RO         9780    .constdata          memp.o
    0x0800acf8   0x0800acf8   0x0000000c   Data   RO         9781    .constdata          memp.o
    0x0800ad04   0x0800ad04   0x0000000c   Data   RO         9782    .constdata          memp.o
    0x0800ad10   0x0800ad10   0x0000000c   Data   RO         9783    .constdata          memp.o
    0x0800ad1c   0x0800ad1c   0x00000028   Data   RO         9784    .constdata          memp.o
    0x0800ad44   0x0800ad44   0x00000026   Data   RO          597    .conststring        main.o
    0x0800ad6a   0x0800ad6a   0x00000002   PAD
    0x0800ad6c   0x0800ad6c   0x00000006   Data   RO          712    .conststring        ethernetif.o
    0x0800ad72   0x0800ad72   0x00000002   PAD
    0x0800ad74   0x0800ad74   0x00000041   Data   RO         7721    .conststring        etharp.o
    0x0800adb5   0x0800adb5   0x00000003   PAD
    0x0800adb8   0x0800adb8   0x00000050   Data   RO        10210    Region$$Table       anon$$obj.o


    Execution Region RW_IRAM2 (Exec base: 0x24000000, Load base: 0x0800ae08, Size: 0x00009448, Max: 0x00080000, ABSOLUTE, COMPRESSED[0x00000038])

    Exec Addr    Load Addr    Size         Type   Attr      Idx    E Section Name        Object

    0x24000000   COMPRESSED   0x00000001   Data   RW          598    .data               main.o
    0x24000001   COMPRESSED   0x00000001   Data   RW          599    .data               main.o
    0x24000002   COMPRESSED   0x00000002   PAD
    0x24000004   COMPRESSED   0x00000004   Data   RW          603    .data               main.o
    0x24000008   COMPRESSED   0x00000018   Data   RW          713    .data               ethernetif.o
    0x24000020   COMPRESSED   0x00000004   Data   RW          714    .data               ethernetif.o
    0x24000024   COMPRESSED   0x00000001   Data   RW          867    .data               nrf24l01.o
    0x24000025   COMPRESSED   0x00000003   PAD
    0x24000028   COMPRESSED   0x0000000c   Data   RW          977    .data               udp_server.o
    0x24000034   COMPRESSED   0x00000018   Data   RW         1082    .data               heap_4.o
    0x2400004c   COMPRESSED   0x0000000c   Data   RW         1526    .data               port.o
    0x24000058   COMPRESSED   0x00000004   Data   RW         1649    .data               sys_arch.o
    0x2400005c   COMPRESSED   0x0000000c   Data   RW         6299    .data               stm32h7xx_hal.o
    0x24000068   COMPRESSED   0x00000008   Data   RW         7463    .data               system_stm32h7xx.o
    0x24000070   COMPRESSED   0x00000002   Data   RW         7586    .data               ip4.o
    0x24000072   COMPRESSED   0x00000002   PAD
    0x24000074   COMPRESSED   0x00000008   Data   RW         7656    .data               ip4_frag.o
    0x2400007c   COMPRESSED   0x00000001   Data   RW         7722    .data               etharp.o
    0x2400007d   COMPRESSED   0x00000003   PAD
    0x24000080   COMPRESSED   0x00000010   Data   RW         7957    .data               tcpip.o
    0x24000090   COMPRESSED   0x00000014   Data   RW         8380    .data               stm32h7xx_nucleo_144.o
    0x240000a4   COMPRESSED   0x0000003c   Data   RW         8788    .data               tasks.o
    0x240000e0   COMPRESSED   0x00000008   Data   RW         9208    .data               udp.o
    0x240000e8   COMPRESSED   0x0000000c   Data   RW         9320    .data               netif.o
    0x240000f4   COMPRESSED   0x00000010   Data   RW         9422    .data               mem.o
    0x24000104   COMPRESSED   0x00000008   Data   RW         9689    .data               timeouts.o
    0x2400010c   COMPRESSED   0x00000004   Data   RW         9785    .data               memp.o
    0x24000110   COMPRESSED   0x00000004   Data   RW         9786    .data               memp.o
    0x24000114   COMPRESSED   0x00000004   Data   RW         9787    .data               memp.o
    0x24000118   COMPRESSED   0x00000004   Data   RW         9788    .data               memp.o
    0x2400011c   COMPRESSED   0x00000004   Data   RW         9789    .data               memp.o
    0x24000120   COMPRESSED   0x00000004   Data   RW         9790    .data               memp.o
    0x24000124   COMPRESSED   0x00000004   Data   RW         9791    .data               memp.o
    0x24000128   COMPRESSED   0x00000004   Data   RW         9792    .data               memp.o
    0x2400012c   COMPRESSED   0x00000004   Data   RW         9793    .data               memp.o
    0x24000130   COMPRESSED   0x00000004   Data   RW         9794    .data               memp.o
    0x24000134   COMPRESSED   0x00000004   Data   RW        10184    .data               mc_w.l(stdout.o)
    0x24000138        -       0x00000040   Zero   RW            9    .bss                stm32h7xx_hal_timebase_tim.o
    0x24000178        -       0x00000160   Zero   RW          592    .bss                main.o
    0x240002d8        -       0x000000c4   Zero   RW          709    .bss                ethernetif.o
    0x2400039c        -       0x000000cb   Zero   RW          710    .bss                ethernetif.o
    0x24000467        -       0x00005000   Zero   RW         1081    .bss                heap_4.o
    0x24005467   COMPRESSED   0x00000001   PAD
    0x24005468        -       0x000000f0   Zero   RW         7720    .bss                etharp.o
    0x24005558        -       0x000000dc   Zero   RW         8787    .bss                tasks.o
    0x24005634        -       0x000000c3   Zero   RW         9764    .bss                memp.o
    0x240056f7        -       0x000000a3   Zero   RW         9765    .bss                memp.o
    0x2400579a        -       0x0000016b   Zero   RW         9766    .bss                memp.o
    0x24005905        -       0x00000023   Zero   RW         9767    .bss                memp.o
    0x24005928        -       0x00000073   Zero   RW         9768    .bss                memp.o
    0x2400599b        -       0x00000083   Zero   RW         9769    .bss                memp.o
    0x24005a1e        -       0x00000083   Zero   RW         9770    .bss                memp.o
    0x24005aa1        -       0x000000a3   Zero   RW         9771    .bss                memp.o
    0x24005b44        -       0x000000a3   Zero   RW         9772    .bss                memp.o
    0x24005be7        -       0x00003043   Zero   RW         9773    .bss                memp.o
    0x24008c2a   COMPRESSED   0x00000002   PAD
    0x24008c2c        -       0x00000018   Zero   RW         9872    .bss                ip.o
    0x24008c44   COMPRESSED   0x00000004   PAD
    0x24008c48        -       0x00000800   Zero   RW         9087    STACK               startup_stm32h743xx.o


    Execution Region RW_DMARxDscrTab (Exec base: 0x30040000, Load base: 0x0800ae40, Size: 0x00000060, Max: 0x00000060, ABSOLUTE)

    Exec Addr    Load Addr    Size         Type   Attr      Idx    E Section Name        Object

    0x30040000   0x0800ae40   0x00000060   Data   RW          707    .RxDecripSection    ethernetif.o


    Execution Region RW_DMATxDscrTab (Exec base: 0x30040060, Load base: 0x0800aea0, Size: 0x00000060, Max: 0x00000140, ABSOLUTE)

    Exec Addr    Load Addr    Size         Type   Attr      Idx    E Section Name        Object

    0x30040060   0x0800aea0   0x00000060   Data   RW          708    .TxDecripSection    ethernetif.o


    Execution Region RW_Rx_Buffb (Exec base: 0x30040200, Load base: 0x0800af00, Size: 0x00001800, Max: 0x00001800, ABSOLUTE, COMPRESSED[0x00000034])

    Exec Addr    Load Addr    Size         Type   Attr      Idx    E Section Name        Object

    0x30040200   COMPRESSED   0x00001800   Data   RW          706    .RxArraySection     ethernetif.o


==============================================================================

Image component sizes


      Code (inc. data)   RO Data    RW Data    ZI Data      Debug   Object Name

         0          0          0          0          0       2239   api_msg.o
         2          0          0          0          0       8410   app_ethernet.o
       774         32          0          0          0      26812   cmsis_os.o
         4          0          0          0          0        549   def.o
         0          0          0          0          0       4052   err.o
      2904       1170         65          1        240      12643   etharp.o
       408        156         12          0          0       2690   ethernet.o
      1292        200         38       6364        399      59311   ethernetif.o
       464         24          0         24      20480       7343   heap_4.o
         0          0          0          0          0       2903   httpd.o
         0          0          0          0          0      33504   httpserver_netconn.o
       796        350          0          0          0       4418   icmp.o
       104          0          0          0          0       2538   inet_chksum.o
        30          0          0          0          0        556   init.o
         0          0          0          0         24       3038   ip.o
       894        180          0          2          0       5852   ip4.o
        46          0          4          0          0       7654   ip4_addr.o
      2696       1020          0          8          0      11494   ip4_frag.o
       402          0          0          0          0      11538   lan8742.o
       138          0          0          0          0       3530   list.o
      1380        124        138          6        352      43326   main.o
      1840        926          0         16          0       5454   mem.o
      1022        720        160         40      13814      11684   memp.o
       548        132          0         12          0      11545   netif.o
       986        126         10          1          0       9090   nrf24l01.o
      3172       1660          0          0          0      12359   pbuf.o
       790         84          0         12          0      12285   port.o
      2094         20          0          0          0      25847   queue.o
        36          8        664          0       2048        800   startup_stm32h743xx.o
       184         40          0         12          0       4430   stm32h7xx_hal.o
       316         28          0          0          0      40464   stm32h7xx_hal_cortex.o
      4302        104          0          0          0      23379   stm32h7xx_hal_eth.o
       532         50          0          0          0       3181   stm32h7xx_hal_gpio.o
       208         26          0          0          0       1632   stm32h7xx_hal_msp.o
       148         10          0          0          0       1768   stm32h7xx_hal_pwr.o
        96          8          0          0          0       1366   stm32h7xx_hal_pwr_ex.o
      2270         92          0          0          0       6774   stm32h7xx_hal_rcc.o
      2850         60          0          0          0       5694   stm32h7xx_hal_rcc_ex.o
      2484         12          0          0          0       8238   stm32h7xx_hal_spi.o
       690         38          0          0          0       7260   stm32h7xx_hal_tim.o
         6          0          0          0          0       2144   stm32h7xx_hal_tim_ex.o
       144         24          0          0         64    1341348   stm32h7xx_hal_timebase_tim.o
        28          6          0          0          0      19545   stm32h7xx_it.o
       124         20         10         20          0       8462   stm32h7xx_nucleo_144.o
       292         26         12          4          0      16584   sys_arch.o
       156         22         16          8          0       1342   system_stm32h7xx.o
      2394        188          0         60        220      25228   tasks.o
       396        140          0         16          0       5883   tcpip.o
       556        194         16          8          0       5609   timeouts.o
      1110        270          0          8          0       9981   udp.o
       336         38          0         12          0       3210   udp_server.o

    ----------------------------------------------------------------------
     42508       8328       1236       6644      37648    1886986   Object Totals
         0          0         80          0          0          0   (incl. Generated)
        64          0         11         10          7          0   (incl. Padding)

    ----------------------------------------------------------------------

      Code (inc. data)   RO Data    RW Data    ZI Data      Debug   Library Member Name

        86          0          0          0          0          0   __dczerorl2.o
         0          0          0          0          0          0   entry.o
         0          0          0          0          0          0   entry10a.o
         0          0          0          0          0          0   entry11a.o
         8          4          0          0          0          0   entry2.o
         4          0          0          0          0          0   entry5.o
         0          0          0          0          0          0   entry7b.o
         0          0          0          0          0          0   entry8b.o
         8          4          0          0          0          0   entry9a.o
        18          0          0          0          0         80   fputc.o
        30          0          0          0          0          0   handlers.o
        36          8          0          0          0         68   init.o
         0          0          0          0          0          0   iusesemip.o
        26          0          0          0          0         80   memcmp.o
        36          0          0          0          0         68   memcpya.o
        36          0          0          0          0        108   memseta.o
       472         14          0          0          0        184   printf3.o
         0          0          0          0          0          0   semi.o
         0          0          0          4          0          0   stdout.o
        44          0          0          0          0         80   uidiv.o

    ----------------------------------------------------------------------
       808         30          0          4          0        668   Library Totals
         4          0          0          0          0          0   (incl. Padding)

    ----------------------------------------------------------------------

      Code (inc. data)   RO Data    RW Data    ZI Data      Debug   Library Name

       804         30          0          4          0        668   mc_w.l

    ----------------------------------------------------------------------
       808         30          0          4          0        668   Library Totals

    ----------------------------------------------------------------------

==============================================================================


      Code (inc. data)   RO Data    RW Data    ZI Data      Debug   

     43316       8358       1236       6648      37648    1857278   Grand Totals
     43316       8358       1236        300      37648    1857278   ELF Image Totals (compressed)
     43316       8358       1236        300          0          0   ROM Totals

==============================================================================

    Total RO  Size (Code + RO Data)                44552 (  43.51kB)
    Total RW  Size (RW Data + ZI Data)             44296 (  43.26kB)
    Total ROM Size (Code + RO Data + RW Data)      44852 (  43.80kB)

==============================================================================

