<html>
<body>
<pre>
<h1>µVision Build Log</h1>
<h2>Tool Versions:</h2>
IDE-Version: µVision V5.26.2.0
Copyright (C) 2018 ARM Ltd and ARM Germany GmbH. All rights reserved.
License Information: fang xz, zju, LIC=TA3CX-HYGU6-24TSS-L1AXU-SC4LM-UNJ9C
 
Tool Versions:
Toolchain:       MDK-ARM Professional  Version: 5.26.2.0
Toolchain Path:  C:\Keil_v5\ARM\ARMCC\Bin
C Compiler:      Armcc.exe V5.06 update 6 (build 750)
Assembler:       Armasm.exe V5.06 update 6 (build 750)
Linker/Locator:  ArmLink.exe V5.06 update 6 (build 750)
Library Manager: ArmAr.exe V5.06 update 6 (build 750)
Hex Converter:   FromElf.exe V5.06 update 6 (build 750)
CPU DLL:         SARMCM3.DLL V5.26.2.0
Dialog DLL:      DCM.DLL V1.17.2.0
Target DLL:      STLink\ST-LINKIII-KEIL_SWO.dll V3.0.5.0
Dialog DLL:      TCM.DLL V1.36.1.0
 
<h2>Project:</h2>
F:\LwIP_HTTP_Server_Netconn_RTOS\MDK-ARM\Project.uvprojx
Project File Date:  07/11/2019

<h2>Output:</h2>
*** Using Compiler 'V5.06 update 6 (build 750)', folder: 'C:\Keil_v5\ARM\ARMCC\Bin'
Build target 'STM32H743ZI-Nucleo'
compiling httpserver_netconn.c...
compiling stm32h7xx_hal_timebase_tim.c...
compiling ethernetif.c...
compiling heap_4.c...
compiling cmsis_os.c...
compiling port.c...
compiling ethernet.c...
compiling sys_arch.c...
compiling lan8742.c...
compiling app_ethernet.c...
compiling main.c...
../Src/main.c(585): warning:  #177-D: function "MX_USART3_UART_Init"  was declared but never referenced
  static void MX_USART3_UART_Init(void)
../Src/main.c: 1 warning, 0 errors
compiling NRF24L01.c...
users\NRF24L01.c(214): warning:  #111-D: statement is unreachable
  	osDelay(2);
users\NRF24L01.c: 1 warning, 0 errors
compiling stm32h7xx_it.c...
compiling UDP_SERVER.C...
compiling stm32h7xx_hal_msp.c...
compiling stm32h7xx_hal_tim_ex.c...
compiling stm32h7xx_hal_sdram.c...
compiling stm32h7xx_hal_i2c_ex.c...
compiling stm32h7xx_hal_gpio.c...
compiling stm32h7xx_hal_rcc.c...
compiling stm32h7xx_hal_ltdc.c...
compiling stm32h7xx_hal_flash.c...
compiling stm32h7xx_hal_i2c.c...
compiling stm32h7xx_hal_pwr.c...
compiling stm32h7xx_hal_cortex.c...
compiling stm32h7xx_hal_eth_ex.c...
compiling stm32h7xx_hal_tim.c...
compiling stm32h7xx_hal_rcc_ex.c...
compiling stm32h7xx_hal_mdma.c...
compiling stm32h7xx_hal_eth.c...
compiling stm32h7xx_ll_fmc.c...
compiling stm32h7xx_hal_flash_ex.c...
compiling stm32h7xx_hal_dma2d.c...
compiling stm32h7xx_hal_uart.c...
compiling stm32h7xx_hal_dma.c...
compiling stm32h7xx_hal_adc_ex.c...
compiling stm32h7xx_hal_uart_ex.c...
compiling httpd.c...
compiling fs.c...
compiling ip4.c...
compiling ip4_frag.c...
compiling etharp.c...
compiling icmp.c...
compiling ip4_addr.c...
compiling igmp.c...
compiling dhcp.c...
compiling stm32h7xx_hal_pwr_ex.c...
compiling autoip.c...
compiling err.c...
compiling netdb.c...
compiling netifapi.c...
compiling tcpip.c...
compiling netbuf.c...
compiling stm32h7xx_hal_spi_ex.c...
compiling api_lib.c...
compiling sockets.c...
compiling api_msg.c...
compiling timers.c...
compiling queue.c...
compiling list.c...
compiling tasks.c...
compiling croutine.c...
compiling tcp_out.c...
compiling inet_chksum.c...
compiling tcp.c...
compiling stm32h7xx_hal.c...
compiling stm32h7xx_hal_spi.c...
compiling dns.c...
compiling init.c...
compiling netif.c...
compiling udp.c...
compiling raw.c...
compiling stats.c...
compiling mem.c...
compiling def.c...
compiling system_stm32h7xx.c...
compiling sys.c...
compiling tcp_in.c...
compiling timeouts.c...
compiling pbuf.c...
compiling ip.c...
compiling memp.c...
compiling stm32h7xx_hal_adc.c...
compiling stm32h7xx_nucleo_144.c...
linking...
Program Size: Code=43316 RO-data=1236 RW-data=6648 ZI-data=37648  
"STM32H743ZI-Nucleo\STM32H743ZI-Nucleo.axf" - 0 Error(s), 2 Warning(s).

<h2>Software Packages used:</h2>

Package Vendor: ARM
                http://www.keil.com/pack/ARM.CMSIS.5.4.0.pack
                ARM.CMSIS.5.4.0
                CMSIS (Cortex Microcontroller Software Interface Standard)
   * Component: CORE Version: 5.1.2

Package Vendor: Keil
                http://www.keil.com/pack/Keil.STM32H7xx_DFP.2.2.0.pack
                Keil.STM32H7xx_DFP.2.2.0
                STMicroelectronics STM32H7 Series Device Support and Examples

<h2>Collection of Component include folders:</h2>
  .\RTE\_STM32H743ZI-Nucleo
  C:\Keil_v5\ARM\PACK\ARM\CMSIS\5.4.0\CMSIS\Core\Include
  C:\Keil_v5\ARM\PACK\Keil\STM32H7xx_DFP\2.2.0\Drivers\CMSIS\Device\ST\STM32H7xx\Include

<h2>Collection of Component Files used:</h2>

   * Component: ARM::CMSIS:CORE:5.1.2
Build Time Elapsed:  00:02:49
</pre>
</body>
</html>
